Archive member included to satisfy reference by file (symbol)

c:/users/sf199/desktop/2018_04_03/truestudio for stm32 9.2.0/armtools/bin/../lib/gcc/arm-atollic-eabi/6.3.1/../../../../arm-atollic-eabi/lib/armv7e-m/fpu\libc_nano.a(lib_a-init.o)
                              startup\startup_stm32f405xx.o (__libc_init_array)
c:/users/sf199/desktop/2018_04_03/truestudio for stm32 9.2.0/armtools/bin/../lib/gcc/arm-atollic-eabi/6.3.1/../../../../arm-atollic-eabi/lib/armv7e-m/fpu\libc_nano.a(lib_a-memcpy-stub.o)
                              Src\main.o (memcpy)
c:/users/sf199/desktop/2018_04_03/truestudio for stm32 9.2.0/armtools/bin/../lib/gcc/arm-atollic-eabi/6.3.1/../../../../arm-atollic-eabi/lib/armv7e-m/fpu\libc_nano.a(lib_a-memset.o)
                              Src\adc.o (memset)
c:/users/sf199/desktop/2018_04_03/truestudio for stm32 9.2.0/armtools/bin/../lib/gcc/arm-atollic-eabi/6.3.1/../../../../arm-atollic-eabi/lib/armv7e-m/fpu\libc_nano.a(lib_a-nano-vfprintf_float.o)
                              (_printf_float)
c:/users/sf199/desktop/2018_04_03/truestudio for stm32 9.2.0/armtools/bin/../lib/gcc/arm-atollic-eabi/6.3.1/../../../../arm-atollic-eabi/lib/armv7e-m/fpu\libc_nano.a(lib_a-nano-vfprintf_i.o)
                              c:/users/sf199/desktop/2018_04_03/truestudio for stm32 9.2.0/armtools/bin/../lib/gcc/arm-atollic-eabi/6.3.1/../../../../arm-atollic-eabi/lib/armv7e-m/fpu\libc_nano.a(lib_a-nano-vfprintf_float.o) (_printf_common)
c:/users/sf199/desktop/2018_04_03/truestudio for stm32 9.2.0/armtools/bin/../lib/gcc/arm-atollic-eabi/6.3.1/../../../../arm-atollic-eabi/lib/armv7e-m/fpu\libc_nano.a(lib_a-printf.o)
                              Src\ICM_20602.o (printf)
c:/users/sf199/desktop/2018_04_03/truestudio for stm32 9.2.0/armtools/bin/../lib/gcc/arm-atollic-eabi/6.3.1/../../../../arm-atollic-eabi/lib/armv7e-m/fpu\libc_nano.a(lib_a-puts.o)
                              Src\SENSOR_control.o (puts)
c:/users/sf199/desktop/2018_04_03/truestudio for stm32 9.2.0/armtools/bin/../lib/gcc/arm-atollic-eabi/6.3.1/../../../../arm-atollic-eabi/lib/armv7e-m/fpu\libc_nano.a(lib_a-reent.o)
                              Src\syscalls.o (errno)
c:/users/sf199/desktop/2018_04_03/truestudio for stm32 9.2.0/armtools/bin/../lib/gcc/arm-atollic-eabi/6.3.1/../../../../arm-atollic-eabi/lib/armv7e-m/fpu\libc_nano.a(lib_a-strlen.o)
                              c:/users/sf199/desktop/2018_04_03/truestudio for stm32 9.2.0/armtools/bin/../lib/gcc/arm-atollic-eabi/6.3.1/../../../../arm-atollic-eabi/lib/armv7e-m/fpu\libc_nano.a(lib_a-nano-vfprintf_float.o) (strlen)
c:/users/sf199/desktop/2018_04_03/truestudio for stm32 9.2.0/armtools/bin/../lib/gcc/arm-atollic-eabi/6.3.1/../../../../arm-atollic-eabi/lib/armv7e-m/fpu\libc_nano.a(lib_a-wbuf.o)
                              c:/users/sf199/desktop/2018_04_03/truestudio for stm32 9.2.0/armtools/bin/../lib/gcc/arm-atollic-eabi/6.3.1/../../../../arm-atollic-eabi/lib/armv7e-m/fpu\libc_nano.a(lib_a-puts.o) (__swbuf_r)
c:/users/sf199/desktop/2018_04_03/truestudio for stm32 9.2.0/armtools/bin/../lib/gcc/arm-atollic-eabi/6.3.1/../../../../arm-atollic-eabi/lib/armv7e-m/fpu\libc_nano.a(lib_a-wsetup.o)
                              c:/users/sf199/desktop/2018_04_03/truestudio for stm32 9.2.0/armtools/bin/../lib/gcc/arm-atollic-eabi/6.3.1/../../../../arm-atollic-eabi/lib/armv7e-m/fpu\libc_nano.a(lib_a-puts.o) (__swsetup_r)
c:/users/sf199/desktop/2018_04_03/truestudio for stm32 9.2.0/armtools/bin/../lib/gcc/arm-atollic-eabi/6.3.1/../../../../arm-atollic-eabi/lib/armv7e-m/fpu\libc_nano.a(lib_a-dtoa.o)
                              c:/users/sf199/desktop/2018_04_03/truestudio for stm32 9.2.0/armtools/bin/../lib/gcc/arm-atollic-eabi/6.3.1/../../../../arm-atollic-eabi/lib/armv7e-m/fpu\libc_nano.a(lib_a-nano-vfprintf_float.o) (_dtoa_r)
c:/users/sf199/desktop/2018_04_03/truestudio for stm32 9.2.0/armtools/bin/../lib/gcc/arm-atollic-eabi/6.3.1/../../../../arm-atollic-eabi/lib/armv7e-m/fpu\libc_nano.a(lib_a-fflush.o)
                              c:/users/sf199/desktop/2018_04_03/truestudio for stm32 9.2.0/armtools/bin/../lib/gcc/arm-atollic-eabi/6.3.1/../../../../arm-atollic-eabi/lib/armv7e-m/fpu\libc_nano.a(lib_a-wbuf.o) (_fflush_r)
c:/users/sf199/desktop/2018_04_03/truestudio for stm32 9.2.0/armtools/bin/../lib/gcc/arm-atollic-eabi/6.3.1/../../../../arm-atollic-eabi/lib/armv7e-m/fpu\libc_nano.a(lib_a-findfp.o)
                              c:/users/sf199/desktop/2018_04_03/truestudio for stm32 9.2.0/armtools/bin/../lib/gcc/arm-atollic-eabi/6.3.1/../../../../arm-atollic-eabi/lib/armv7e-m/fpu\libc_nano.a(lib_a-printf.o) (__sinit)
c:/users/sf199/desktop/2018_04_03/truestudio for stm32 9.2.0/armtools/bin/../lib/gcc/arm-atollic-eabi/6.3.1/../../../../arm-atollic-eabi/lib/armv7e-m/fpu\libc_nano.a(lib_a-fwalk.o)
[...]
Memory Configuration

Name             Origin             Length             Attributes
RAM              0x20000000         0x00020000         xrw
CCMRAM           0x10000000         0x00010000         rw
FLASH            0x08000000         0x000e0000         xr
DATA             0x080e0000         0x00020000         xr
*default*        0x00000000         0xffffffff

Linker script and memory map

LOAD c:/users/sf199/desktop/2018_04_03/truestudio for stm32 9.2.0/armtools/bin/../lib/gcc/arm-atollic-eabi/6.3.1/armv7e-m/fpu/crti.o
LOAD c:/users/sf199/desktop/2018_04_03/truestudio for stm32 9.2.0/armtools/bin/../lib/gcc/arm-atollic-eabi/6.3.1/armv7e-m/fpu/crtbegin.o
LOAD Drivers\STM32F4xx_HAL_Driver\Src\stm32f4xx_hal.o
LOAD Drivers\STM32F4xx_HAL_Driver\Src\stm32f4xx_hal_adc.o
LOAD Drivers\STM32F4xx_HAL_Driver\Src\stm32f4xx_hal_adc_ex.o
LOAD Drivers\STM32F4xx_HAL_Driver\Src\stm32f4xx_hal_cortex.o
LOAD Drivers\STM32F4xx_HAL_Driver\Src\stm32f4xx_hal_dma.o
LOAD Drivers\STM32F4xx_HAL_Driver\Src\stm32f4xx_hal_dma_ex.o
LOAD Drivers\STM32F4xx_HAL_Driver\Src\stm32f4xx_hal_flash.o
LOAD Drivers\STM32F4xx_HAL_Driver\Src\stm32f4xx_hal_flash_ex.o
LOAD Drivers\STM32F4xx_HAL_Driver\Src\stm32f4xx_hal_flash_ramfunc.o
LOAD Drivers\STM32F4xx_HAL_Driver\Src\stm32f4xx_hal_gpio.o
LOAD Drivers\STM32F4xx_HAL_Driver\Src\stm32f4xx_hal_pwr.o
LOAD Drivers\STM32F4xx_HAL_Driver\Src\stm32f4xx_hal_pwr_ex.o
LOAD Drivers\STM32F4xx_HAL_Driver\Src\stm32f4xx_hal_rcc.o
LOAD Drivers\STM32F4xx_HAL_Driver\Src\stm32f4xx_hal_rcc_ex.o
LOAD Drivers\STM32F4xx_HAL_Driver\Src\stm32f4xx_hal_spi.o
LOAD Drivers\STM32F4xx_HAL_Driver\Src\stm32f4xx_hal_tim.o
LOAD Drivers\STM32F4xx_HAL_Driver\Src\stm32f4xx_hal_tim_ex.o
LOAD Drivers\STM32F4xx_HAL_Driver\Src\stm32f4xx_hal_uart.o
LOAD Src\BATTcheck.o
LOAD Src\D_speaker.o
LOAD Src\ICM_20602.o
LOAD Src\IEH2-4096.o
LOAD Src\SENSOR_control.o
LOAD Src\adc.o
LOAD Src\dma.o
LOAD Src\flash.o
LOAD Src\gpio.o
LOAD Src\kitiku.o
LOAD Src\main.o
LOAD Src\maze_strategy.o
LOAD Src\maze_wall.o
LOAD Src\mode_select.o
LOAD Src\motor_control.o
LOAD Src\parameter.o
LOAD Src\record.o
LOAD Src\spi.o
LOAD Src\stm32f4xx_hal_msp.o
LOAD Src\stm32f4xx_it.o
LOAD Src\syscalls.o
LOAD Src\system_stm32f4xx.o
LOAD Src\tim.o
LOAD Src\turning.o
LOAD Src\usart.o
LOAD Src\wait_ms.o
LOAD Src\yellow_LED.o
LOAD startup\startup_stm32f405xx.o
                0x00000080                malloc_getpagesize_P = 0x80
START GROUP
LOAD c:/users/sf199/desktop/2018_04_03/truestudio for stm32 9.2.0/armtools/bin/../lib/gcc/arm-atollic-eabi/6.3.1/../../../../arm-atollic-eabi/lib/armv7e-m/fpu\libc_nano.a
LOAD c:/users/sf199/desktop/2018_04_03/truestudio for stm32 9.2.0/armtools/bin/../lib/gcc/arm-atollic-eabi/6.3.1/../../../../arm-atollic-eabi/lib/armv7e-m/fpu\libm.a
END GROUP
START GROUP
LOAD c:/users/sf199/desktop/2018_04_03/truestudio for stm32 9.2.0/armtools/bin/../lib/gcc/arm-atollic-eabi/6.3.1/armv7e-m/fpu\libgcc.a
LOAD c:/users/sf199/desktop/2018_04_03/truestudio for stm32 9.2.0/armtools/bin/../lib/gcc/arm-atollic-eabi/6.3.1/../../../../arm-atollic-eabi/lib/armv7e-m/fpu\libc_nano.a
END GROUP
START GROUP
LOAD c:/users/sf199/desktop/2018_04_03/truestudio for stm32 9.2.0/armtools/bin/../lib/gcc/arm-atollic-eabi/6.3.1/armv7e-m/fpu\libgcc.a
LOAD c:/users/sf199/desktop/2018_04_03/truestudio for stm32 9.2.0/armtools/bin/../lib/gcc/arm-atollic-eabi/6.3.1/../../../../arm-atollic-eabi/lib/armv7e-m/fpu\libc_nano.a
LOAD c:/users/sf199/desktop/2018_04_03/truestudio for stm32 9.2.0/armtools/bin/../lib/gcc/arm-atollic-eabi/6.3.1/../../../../arm-atollic-eabi/lib/armv7e-m/fpu\libnosys.a
END GROUP
START GROUP
LOAD c:/users/sf199/desktop/2018_04_03/truestudio for stm32 9.2.0/armtools/bin/../lib/gcc/arm-atollic-eabi/6.3.1/armv7e-m/fpu\libgcc.a
LOAD c:/users/sf199/desktop/2018_04_03/truestudio for stm32 9.2.0/armtools/bin/../lib/gcc/arm-atollic-eabi/6.3.1/../../../../arm-atollic-eabi/lib/armv7e-m/fpu\libc_nano.a
LOAD c:/users/sf199/desktop/2018_04_03/truestudio for stm32 9.2.0/armtools/bin/../lib/gcc/arm-atollic-eabi/6.3.1/../../../../arm-atollic-eabi/lib/armv7e-m/fpu\libnosys.a
END GROUP
LOAD c:/users/sf199/desktop/2018_04_03/truestudio for stm32 9.2.0/armtools/bin/../lib/gcc/arm-atollic-eabi/6.3.1/armv7e-m/fpu/crtend.o
LOAD c:/users/sf199/desktop/2018_04_03/truestudio for stm32 9.2.0/armtools/bin/../lib/gcc/arm-atollic-eabi/6.3.1/armv7e-m/fpu/crtn.o
                0x20020000                _estack = 0x20020000
                0x00000200                _Min_Heap_Size = 0x200
                0x00000400                _Min_Stack_Size = 0x400

.isr_vector     0x08000000      0x188
                0x08000000                . = ALIGN (0x4)
 *(.isr_vector)
 .isr_vector    0x08000000      0x188 startup\startup_stm32f405xx.o
                0x08000000                g_pfnVectors
                0x08000188                . = ALIGN (0x4)

.text           0x08000190    0x1c9a8
                0x08000190                . = ALIGN (0x4)
 *(.text)
 .text          0x08000190       0x40 c:/users/sf199/desktop/2018_04_03/truestudio for stm32 9.2.0/armtools/bin/../lib/gcc/arm-atollic-eabi/6.3.1/armv7e-m/fpu/crtbegin.o
 .text          0x080001d0      0x204 Drivers\STM32F4xx_HAL_Driver\Src\stm32f4xx_hal.o
                0x080001d2                HAL_MspDeInit
                0x080001d4                HAL_DeInit
                0x08000200                HAL_InitTick
                0x08000244                HAL_Init
                0x08000278                HAL_IncTick
                0x08000290                HAL_GetTick
                0x0800029c                HAL_GetTickPrio
                0x080002a8                HAL_SetTickFreq
                0x080002c4                HAL_GetTickFreq
                0x080002d0                HAL_Delay
                0x080002f8                HAL_SuspendTick
                0x08000308                HAL_ResumeTick
                0x08000318                HAL_GetHalVersion
                0x08000320                HAL_GetREVID
                0x0800032c                HAL_GetDEVID
                0x0800033c                HAL_DBGMCU_EnableDBGSleepMode
                0x0800034c                HAL_DBGMCU_DisableDBGSleepMode
                0x0800035c                HAL_DBGMCU_EnableDBGStopMode
                0x0800036c                HAL_DBGMCU_DisableDBGStopMode
                0x0800037c                HAL_DBGMCU_EnableDBGStandbyMode
                0x0800038c                HAL_DBGMCU_DisableDBGStandbyMode
                0x0800039c                HAL_EnableCompensationCell
                0x080003a8                HAL_DisableCompensationCell
                0x080003b4                HAL_GetUID
 .text          0x080003d4      0x940 Drivers\STM32F4xx_HAL_Driver\Src\stm32f4xx_hal_adc.o
                0x080003d6                HAL_ADC_Init
                0x08000522                HAL_ADC_DeInit
                0x08000556                HAL_ADC_Start
                0x08000618                HAL_ADC_Stop
                0x08000654                HAL_ADC_PollForConversion
                0x080006f4                HAL_ADC_PollForEvent
                0x0800075a                HAL_ADC_Start_IT
                0x08000828                HAL_ADC_Stop_IT
                0x08000870                HAL_ADC_Start_DMA
                0x08000970                HAL_ADC_Stop_DMA
                0x080009ca                HAL_ADC_GetValue
                0x08000a32                HAL_ADC_ConvHalfCpltCallback
                0x08000a3e                HAL_ADC_LevelOutOfWindowCallback
                0x08000a40                HAL_ADC_ErrorCallback
                0x08000a42                HAL_ADC_IRQHandler
                0x08000b80                HAL_ADC_ConfigChannel
                0x08000cac                HAL_ADC_AnalogWDGConfig
                0x08000d0a                HAL_ADC_GetState
                0x08000d0e                HAL_ADC_GetError
 .text          0x08000d14      0x69c Drivers\STM32F4xx_HAL_Driver\Src\stm32f4xx_hal_adc_ex.o
                0x08000d84                HAL_ADCEx_InjectedStart
                0x08000e38                HAL_ADCEx_InjectedStart_IT
                0x08000ef4                HAL_ADCEx_InjectedStop
                0x08000f50                HAL_ADCEx_InjectedPollForConversion
                0x08000fda                HAL_ADCEx_InjectedStop_IT
                0x0800103e                HAL_ADCEx_InjectedGetValue
                0x08001070                HAL_ADCEx_MultiModeStart_DMA
                0x08001168                HAL_ADCEx_MultiModeStop_DMA
                0x080011c8                HAL_ADCEx_MultiModeGetValue
                0x080011d4                HAL_ADCEx_InjectedConvCpltCallback
                0x080011d6                HAL_ADCEx_InjectedConfigChannel
                0x08001360                HAL_ADCEx_MultiModeConfigChannel
 .text          0x080013b0      0x2a0 Drivers\STM32F4xx_HAL_Driver\Src\stm32f4xx_hal_cortex.o
                0x080013b0                HAL_NVIC_SetPriorityGrouping
                0x080013d4                HAL_NVIC_SetPriority
                0x0800143c                HAL_NVIC_EnableIRQ
                0x08001454                HAL_NVIC_DisableIRQ
                0x08001470                HAL_NVIC_SystemReset
                0x08001494                HAL_SYSTICK_Config
                0x080014c0                HAL_MPU_Disable
                0x080014e0                HAL_MPU_Enable
                0x08001504                HAL_MPU_ConfigRegion
                0x08001554                HAL_NVIC_GetPriorityGrouping
                0x08001564                HAL_NVIC_GetPriority
                0x080015bc                HAL_NVIC_SetPendingIRQ
                0x080015d8                HAL_NVIC_GetPendingIRQ
                0x080015f4                HAL_NVIC_ClearPendingIRQ
                0x08001610                HAL_NVIC_GetActive
                0x0800162c                HAL_SYSTICK_CLKSourceConfig
                0x08001644                HAL_SYSTICK_Callback
                0x08001646                HAL_SYSTICK_IRQHandler
 .text          0x08001650      0x628 Drivers\STM32F4xx_HAL_Driver\Src\stm32f4xx_hal_dma.o
                0x0800167c                HAL_DMA_Init
                0x08001778                HAL_DMA_DeInit
                0x080017c0                HAL_DMA_Start
                0x08001814                HAL_DMA_Start_IT
                0x08001890                HAL_DMA_Abort
                0x08001916                HAL_DMA_Abort_IT
                0x0800193a                HAL_DMA_PollForTransfer
                0x08001a4c                HAL_DMA_IRQHandler
                0x08001bc0                HAL_DMA_RegisterCallback
                0x08001c10                HAL_DMA_UnRegisterCallback
                0x08001c6c                HAL_DMA_GetState
                0x08001c72                HAL_DMA_GetError
 .text          0x08001c78      0x398 Drivers\STM32F4xx_HAL_Driver\Src\stm32f4xx_hal_flash.o
                0x08001d5c                HAL_FLASH_Program_IT
                0x08001dd0                HAL_FLASH_EndOfOperationCallback
                0x08001dd2                HAL_FLASH_OperationErrorCallback
                0x08001dd4                HAL_FLASH_IRQHandler
                0x08001e98                HAL_FLASH_Unlock
                0x08001ebc                HAL_FLASH_Lock
                0x08001ed0                HAL_FLASH_OB_Unlock
                0x08001ef4                HAL_FLASH_OB_Lock
                0x08001f08                HAL_FLASH_GetError
                0x08001f14                FLASH_WaitForLastOperation
                0x08001f68                HAL_FLASH_Program
                0x08001ff8                HAL_FLASH_OB_Launch
 .text          0x08002010      0x2c4 Drivers\STM32F4xx_HAL_Driver\Src\stm32f4xx_hal_flash_ex.o
                0x08002034                HAL_FLASHEx_OBProgram
                0x080020ec                HAL_FLASHEx_OBGetConfig
                0x08002134                FLASH_Erase_Sector
                0x08002180                HAL_FLASHEx_Erase_IT
                0x080021e0                FLASH_FlushCaches
                0x08002238                HAL_FLASHEx_Erase
 .text          0x080022d4      0x350 Drivers\STM32F4xx_HAL_Driver\Src\stm32f4xx_hal_gpio.o
                0x080022d4                HAL_GPIO_Init
                0x08002494                HAL_GPIO_DeInit
                0x080025c4                HAL_GPIO_ReadPin
                0x080025d0                HAL_GPIO_WritePin
                0x080025da                HAL_GPIO_TogglePin
                0x080025e2                HAL_GPIO_LockPin
                0x0800260c                HAL_GPIO_EXTI_Callback
                0x0800260e                HAL_GPIO_EXTI_IRQHandler
 .text          0x08002624      0x688 Drivers\STM32F4xx_HAL_Driver\Src\stm32f4xx_hal_rcc.o
                0x08002628                HAL_RCC_OscConfig
                0x0800292a                HAL_RCC_MCOConfig
                0x080029c0                HAL_RCC_EnableCSS
                0x080029cc                HAL_RCC_DisableCSS
                0x080029d8                HAL_RCC_GetSysClockFreq
                0x08002a34                HAL_RCC_ClockConfig
                0x08002b68                HAL_RCC_GetHCLKFreq
                0x08002b74                HAL_RCC_GetPCLK1Freq
                0x08002b94                HAL_RCC_GetPCLK2Freq
                0x08002bb4                HAL_RCC_GetOscConfig
                0x08002c50                HAL_RCC_GetClockConfig
                0x08002c8c                HAL_RCC_CSSCallback
                0x08002c8e                HAL_RCC_NMI_IRQHandler
 .text          0x08002cac     0x1290 Drivers\STM32F4xx_HAL_Driver\Src\stm32f4xx_hal_spi.o
                0x08002dc0                HAL_SPI_Init
                0x08002e3c                HAL_SPI_DeInit
                0x08002e68                HAL_SPI_Transmit
                0x08002fba                HAL_SPI_TransmitReceive
                0x080031b2                HAL_SPI_Receive
                0x080032f0                HAL_SPI_Transmit_IT
                0x08003388                HAL_SPI_TransmitReceive_IT
                0x08003438                HAL_SPI_Receive_IT
                0x080034e0                HAL_SPI_Transmit_DMA
                0x0800358c                HAL_SPI_TransmitReceive_DMA
                0x08003680                HAL_SPI_Receive_DMA
                0x0800374c                HAL_SPI_Abort
                0x0800380c                HAL_SPI_DMAPause
                0x0800382c                HAL_SPI_DMAResume
                0x0800384c                HAL_SPI_DMAStop
                0x08003874                HAL_SPI_TxCpltCallback
                0x08003876                HAL_SPI_RxCpltCallback
                0x08003878                HAL_SPI_TxRxCpltCallback
                0x0800387a                HAL_SPI_TxHalfCpltCallback
                0x08003886                HAL_SPI_RxHalfCpltCallback
                0x08003892                HAL_SPI_TxRxHalfCpltCallback
                0x0800389e                HAL_SPI_ErrorCallback
                0x08003c8e                HAL_SPI_IRQHandler
                0x08003d84                HAL_SPI_AbortCpltCallback
                0x08003d86                HAL_SPI_Abort_IT
                0x08003f30                HAL_SPI_GetState
                0x08003f36                HAL_SPI_GetError
 .text          0x08003f3c     0x1c24 Drivers\STM32F4xx_HAL_Driver\Src\stm32f4xx_hal_tim.o
                0x080040f2                HAL_TIM_Base_DeInit
                0x0800412c                HAL_TIM_Base_Start
                0x08004146                HAL_TIM_Base_Stop
                0x08004174                HAL_TIM_Base_Start_IT
                0x0800418a                HAL_TIM_Base_Stop_IT
                0x080041b4                HAL_TIM_Base_Start_DMA
                0x08004208                HAL_TIM_Base_Stop_DMA
                0x08004238                HAL_TIM_OC_MspInit
                0x0800423a                HAL_TIM_OC_MspDeInit
                0x0800423c                HAL_TIM_OC_DeInit
                0x0800427a                HAL_TIM_PWM_DeInit
                0x080042b4                HAL_TIM_IC_MspInit
                0x080042b6                HAL_TIM_IC_MspDeInit
                0x080042b8                HAL_TIM_IC_DeInit
                0x080042f2                HAL_TIM_OnePulse_MspInit
                0x080042f4                HAL_TIM_OnePulse_MspDeInit
                0x080042f6                HAL_TIM_OnePulse_DeInit
                0x08004330                HAL_TIM_OnePulse_Start
                0x08004370                HAL_TIM_OnePulse_Stop
                0x080043d8                HAL_TIM_OnePulse_Start_IT
                0x08004428                HAL_TIM_OnePulse_Stop_IT
                0x080044a4                HAL_TIM_Encoder_DeInit
                0x080044de                HAL_TIM_Encoder_Start
                0x08004522                HAL_TIM_Encoder_Stop
                0x0800456a                HAL_TIM_Encoder_Start_IT
                0x080045d8                HAL_TIM_Encoder_Stop_IT
                0x0800464c                HAL_TIM_Encoder_Start_DMA
                0x08004770                HAL_TIM_Encoder_Stop_DMA
                0x080047e4                HAL_TIM_DMABurst_WriteStart
                0x08004898                HAL_TIM_DMABurst_ReadStart
                0x0800494c                HAL_TIM_DMABurst_ReadStop
                0x080049aa                HAL_TIM_DMABurst_WriteStop
                0x080049ae                HAL_TIM_GenerateEvent
                0x080049d2                HAL_TIM_ConfigOCrefClear
                0x08004a88                HAL_TIM_ConfigClockSource
                0x08004bfa                HAL_TIM_ConfigTI1Input
                0x08004c0a                HAL_TIM_SlaveConfigSynchronization
                0x08004c4a                HAL_TIM_SlaveConfigSynchronization_IT
                0x08004c8a                HAL_TIM_ReadCapturedValue
                0x08004cd0                HAL_TIM_PeriodElapsedCallback
                0x08004ce2                HAL_TIM_OC_DelayElapsedCallback
                0x08004ce4                HAL_TIM_IC_CaptureCallback
                0x08004ce6                TIM_DMACaptureCplt
                0x08004d22                HAL_TIM_PWM_PulseFinishedCallback
                0x08004d24                TIM_DMADelayPulseCplt
                0x08004d60                HAL_TIM_TriggerCallback
                0x08004d62                HAL_TIM_IRQHandler
                0x08004eb6                HAL_TIM_ErrorCallback
                0x08004eb8                TIM_DMAError
                0x08004ec8                HAL_TIM_Base_GetState
                0x08004ece                HAL_TIM_OC_GetState
                0x08004ed4                HAL_TIM_PWM_GetState
                0x08004eda                HAL_TIM_IC_GetState
                0x08004ee0                HAL_TIM_OnePulse_GetState
                0x08004ee6                HAL_TIM_Encoder_GetState
                0x08004eec                TIM_Base_SetConfig
                0x08004fb4                HAL_TIM_Base_Init
                0x08004fe8                HAL_TIM_OC_Init
                0x0800501c                HAL_TIM_PWM_Init
                0x08005050                HAL_TIM_IC_Init
                0x08005084                HAL_TIM_OnePulse_Init
                0x080050ca                HAL_TIM_Encoder_Init
                0x0800515c                TIM_TI1_SetConfig
                0x080051d0                HAL_TIM_IC_ConfigChannel
                0x080052e0                TIM_OC2_SetConfig
                0x08005340                HAL_TIM_OC_ConfigChannel
                0x0800539c                HAL_TIM_PWM_ConfigChannel
                0x08005460                HAL_TIM_OnePulse_ConfigChannel
                0x08005556                TIM_CCxChannelCmd
                0x0800556e                HAL_TIM_OC_Stop
                0x080055cc                HAL_TIM_PWM_Start
                0x08005600                HAL_TIM_OC_Start
                0x08005604                HAL_TIM_PWM_Stop
                0x08005668                HAL_TIM_PWM_Start_IT
                0x080056dc                HAL_TIM_OC_Start_IT
                0x080056e0                HAL_TIM_PWM_Stop_IT
                0x0800577c                HAL_TIM_OC_Stop_IT
                0x08005780                HAL_TIM_PWM_Start_DMA
                0x0800586c                HAL_TIM_OC_Start_DMA
                0x08005870                HAL_TIM_PWM_Stop_DMA
                0x08005910                HAL_TIM_OC_Stop_DMA
                0x08005914                HAL_TIM_IC_Start
                0x0800592e                HAL_TIM_IC_Stop
                0x0800595c                HAL_TIM_IC_Start_IT
                0x080059b4                HAL_TIM_IC_Stop_IT
                0x08005a20                HAL_TIM_IC_Start_DMA
                0x08005aec                HAL_TIM_IC_Stop_DMA
 .text          0x08005b60      0x78c Drivers\STM32F4xx_HAL_Driver\Src\stm32f4xx_hal_tim_ex.o
                0x08005b78                HAL_TIMEx_HallSensor_MspInit
                0x08005b7a                HAL_TIMEx_HallSensor_Init
                0x08005c1a                HAL_TIMEx_HallSensor_MspDeInit
                0x08005c1c                HAL_TIMEx_HallSensor_DeInit
                0x08005c56                HAL_TIMEx_HallSensor_Start
                0x08005c72                HAL_TIMEx_HallSensor_Stop
                0x08005ca2                HAL_TIMEx_HallSensor_Start_IT
                0x08005cc6                HAL_TIMEx_HallSensor_Stop_IT
                0x08005cfe                HAL_TIMEx_HallSensor_Start_DMA
                0x08005d64                HAL_TIMEx_HallSensor_Stop_DMA
                0x08005d9c                HAL_TIMEx_PWMN_Start
                0x08005dbe                HAL_TIMEx_OCN_Start
                0x08005dc2                HAL_TIMEx_PWMN_Start_IT
                0x08005e22                HAL_TIMEx_OCN_Start_IT
                0x08005e26                HAL_TIMEx_PWMN_Stop_IT
                0x08005ec0                HAL_TIMEx_OCN_Stop_IT
                0x08005ec4                HAL_TIMEx_PWMN_Start_DMA
                0x08005f98                HAL_TIMEx_OCN_Start_DMA
                0x08005f9c                HAL_TIMEx_PWMN_Stop_DMA
                0x0800602a                HAL_TIMEx_OCN_Stop_DMA
                0x0800602e                HAL_TIMEx_OnePulseN_Start
                0x08006048                HAL_TIMEx_OnePulseN_Stop
                0x08006092                HAL_TIMEx_PWMN_Stop
                0x08006096                HAL_TIMEx_OCN_Stop
                0x0800609a                HAL_TIMEx_OnePulseN_Start_IT
                0x080060c4                HAL_TIMEx_OnePulseN_Stop_IT
                0x0800611e                HAL_TIMEx_ConfigCommutationEvent
                0x08006168                HAL_TIMEx_ConfigCommutationEvent_IT
                0x080061ba                HAL_TIMEx_ConfigCommutationEvent_DMA
                0x08006220                HAL_TIMEx_MasterConfigSynchronization
                0x08006264                HAL_TIMEx_ConfigBreakDeadTime
                0x080062b0                HAL_TIMEx_RemapConfig
                0x080062d0                HAL_TIMEx_CommutationCallback
                0x080062d2                TIMEx_DMACommutationCplt
                0x080062e2                HAL_TIMEx_BreakCallback
                0x080062e4                HAL_TIMEx_HallSensor_GetState
 .text          0x080062ec      0xeb4 Drivers\STM32F4xx_HAL_Driver\Src\stm32f4xx_hal_uart.o
                0x0800658a                HAL_UART_Init
                0x080065e6                HAL_HalfDuplex_Init
                0x0800664a                HAL_LIN_Init
                0x080066c0                HAL_MultiProcessor_Init
                0x08006740                HAL_UART_DeInit
                0x08006766                HAL_UART_Transmit
                0x08006820                HAL_UART_Receive
                0x080068e0                HAL_UART_Transmit_IT
                0x0800691e                HAL_UART_Receive_IT
                0x08006964                HAL_UART_Transmit_DMA
                0x080069d8                HAL_UART_Receive_DMA
                0x08006a68                HAL_UART_DMAPause
                0x08006ac2                HAL_UART_DMAResume
                0x08006b24                HAL_UART_DMAStop
                0x08006b82                HAL_UART_Abort
                0x08006be2                HAL_UART_AbortTransmit
                0x08006c16                HAL_UART_AbortReceive
                0x08006c52                HAL_UART_TxCpltCallback
                0x08006c80                HAL_UART_TxHalfCpltCallback
                0x08006c8c                HAL_UART_RxCpltCallback
                0x08006d3a                HAL_UART_RxHalfCpltCallback
                0x08006d46                HAL_UART_ErrorCallback
                0x08006d96                HAL_UART_IRQHandler
                0x08006ee4                HAL_UART_AbortCpltCallback
                0x08006ee6                HAL_UART_Abort_IT
                0x08006fdc                HAL_UART_AbortTransmitCpltCallback
                0x08006fde                HAL_UART_AbortTransmit_IT
                0x08007040                HAL_UART_AbortReceiveCpltCallback
                0x08007042                HAL_UART_AbortReceive_IT
                0x080070ac                HAL_LIN_SendBreak
                0x080070d8                HAL_MultiProcessor_EnterMuteMode
                0x08007104                HAL_MultiProcessor_ExitMuteMode
                0x08007130                HAL_HalfDuplex_EnableTransmitter
                0x08007160                HAL_HalfDuplex_EnableReceiver
                0x08007190                HAL_UART_GetState
                0x0800719c                HAL_UART_GetError
 .text          0x080071a0       0xfc Src\BATTcheck.o
                0x080071a0                battcheak
 *fill*         0x0800729c        0x4 
 .text          0x080072a0     0x54f4 Src\D_speaker.o
                0x080072a0                calSoundCount
                0x080072e4                MakeMusicScale
                0x08007368                interupt_Sound
                0x08007434                interupt_oneSound
                0x08007510                playSoundData
                0x0800758c                inputZelda_nazo
                0x080075ec                inputunknow_story
                0x0800a018                inputtyounen
                0x0800bcc8                inputZelda_song
                0x0800c02c                inputitem_get
                0x0800c06c                inputseria
                0x0800c6d2                inputmiss
 *fill*         0x0800c794        0x4 
 .text          0x0800c798      0x470 Src\ICM_20602.o
                0x0800c798                read_byte
                0x0800c7e8                write_byte
                0x0800c838                ICM20602_init
                0x0800c8b4                ICM20602_GYRO_READ
                0x0800c8e4                ICM20602_ACCEL_READ
                0x0800c906                ICM20602_DataUpdate
                0x0800c958                reset_ICM
                0x0800ca20                interrupt_ICM
 .text          0x0800cc08      0x2bc Src\IEH2-4096.o
                0x0800cc08                count_encoderR
                0x0800cc18                count_encoderL
                0x0800cc2c                reset_distance
                0x0800cc40                encoder_speed
                0x0800cd68                encoder_distance
                0x0800ce6c                encoder_acceleration
 *fill*         0x0800cec4        0x4 
 .text          0x0800cec8      0x36c Src\SENSOR_control.o
                0x0800cec8                callback_SENSOR
                0x0800d110                sensor_line
 .text          0x0800d234      0x200 Src\adc.o
                0x0800d234                MX_ADC1_Init
                0x0800d308                HAL_ADC_MspInit
                0x0800d3e8                HAL_ADC_MspDeInit
                0x0800d430                HAL_ADC_ConvCpltCallback
 .text          0x0800d434       0x34 Src\dma.o
                0x0800d434                MX_DMA_Init
 .text          0x0800d468       0x6c Src\flash.o
                0x0800d468                eraseFlash
                0x0800d48c                writeFlash
                0x0800d4c2                loadFlash
 .text          0x0800d4d4       0xf8 Src\gpio.o
                0x0800d4d4                MX_GPIO_Init
 .text          0x0800d5cc       0x9c Src\main.o
                0x0800d5cc                SystemClock_Config
                0x0800d664                Error_Handler
 .text          0x0800d668     0x2db8 Src\maze_strategy.o
                0x0800d668                maze_clean
                0x0800d6d4                record_in
                0x0800d780                record_out
                0x0800d824                decision_kitiku
                0x0800da08                compress_kitiku
                0x0800e658                adati_wayreturn
                0x0800f3e8                most_speed
 .text          0x08010420     0x22cc Src\maze_wall.o
                0x08010420                maze_clear
                0x080105a0                maze_maker
                0x08010a58                maze_maker2
                0x08010f78                maze_makerhosuu
                0x080111bc                maze_makerST
                0x080114ac                maze_makerRun
                0x08011a10                maze_makeronly
                0x08011c7c                maze_makerback
                0x08012180                maze_makerslant
                0x080124c4                maze_display
 .text          0x080126ec      0x1c0 Src\mode_select.o
                0x080126ec                mode_decision
 *fill*         0x080128ac        0x4 
 .text          0x080128b0     0x2300 Src\motor_control.o
                0x080128b0                motor_PID
                0x08013420                get_duty
                0x08013558                get_duty2
                0x08013638                const_accel
                0x080136cc                straight_const_accel
                0x0801385c                const_speed
                0x080138d4                const_speed_wallcut90
                0x080139fc                const_speed_wallcut45
                0x08013b20                const_speed_wallcutslantR
                0x08013bfc                const_speed_wallcutslantL
                0x08013cd8                const_speed_mazemake
                0x08013ddc                const_speed_mazemakeback
                0x08013ec8                const_speed_kitiku
                0x08013f78                interupt_const_accel
                0x0801400c                straight_table
                0x08014118                no_angle
                0x080141dc                no_move
                0x08014240                interupt_angle_const_accel
                0x080142d4                turning_accel
                0x080143ac                turningtable_accel
                0x08014500                turning_speed
                0x080145c8                turning_table
                0x08014704                interupt_slalom_const_accel
                0x0801479c                slalom_accel
                0x08014858                slalomtable_accel
                0x08014990                slalom_speed
                0x08014a40                slalom_table
 .text          0x08014bb0      0x4c8 Src\parameter.o
                0x08014bb0                input_parameter
 .text          0x08015078      0x30c Src\record.o
                0x08015078                record_reset
                0x080150ac                record_in_enc
                0x08015144                record_in_gyro
                0x08015174                record_in_sen
                0x0801520c                record_out_enc
                0x080152c0                record_out_gyro
                0x0801530c                record_out_sen
 .text          0x08015384       0xd8 Src\spi.o
                0x08015384                MX_SPI1_Init
                0x080153c8                HAL_SPI_MspInit
                0x08015434                HAL_SPI_MspDeInit
 .text          0x0801545c       0x38 Src\stm32f4xx_hal_msp.o
                0x0801545c                HAL_MspInit
 *fill*         0x08015494        0x4 
 .text          0x08015498      0x57c Src\stm32f4xx_it.o
                0x08015498                NMI_Handler
                0x0801549a                HardFault_Handler
                0x0801549c                MemManage_Handler
                0x0801549e                BusFault_Handler
                0x080154a0                UsageFault_Handler
                0x080154a2                SVC_Handler
                0x080154a4                DebugMon_Handler
                0x080154a6                PendSV_Handler
                0x080154a8                SysTick_Handler
                0x080154ac                ADC_IRQHandler
                0x080154b8                TIM8_CC_IRQHandler
                0x080154c4                TIM6_DAC_IRQHandler
                0x08015a08                DMA2_Stream0_IRQHandler
 .text          0x08015a14      0x16c Src\syscalls.o
                0x08015a14                initialise_monitor_handles
                0x08015a16                _getpid
                0x08015a28                _gettimeofday
                0x08015a38                _kill
                0x08015a48                _exit
                0x08015a4a                _write
                0x08015a74                _sbrk
                0x08015a90                _close
                0x08015aa0                _fstat
                0x08015ab0                _isatty
                0x08015ac0                _lseek
                0x08015ad0                _read
                0x08015ae0                _readlink
                0x08015af0                _open
                0x08015b00                _wait
                0x08015b10                _unlink
                0x08015b20                _times
                0x08015b30                _stat
                0x08015b40                _symlink
                0x08015b50                _link
                0x08015b60                _fork
                0x08015b70                _execve
 .text          0x08015b80       0xc0 Src\system_stm32f4xx.o
                0x08015b80                SystemInit
                0x08015bcc                SystemCoreClockUpdate
 .text          0x08015c40      0x584 Src\tim.o
                0x08015c40                MX_TIM1_Init
                0x08015c9c                MX_TIM3_Init
                0x08015cf8                MX_TIM6_Init
                0x08015d3c                HAL_TIM_Encoder_MspInit
                0x08015df4                HAL_TIM_PWM_MspInit
                0x08015e78                HAL_TIM_Base_MspInit
                0x08015eb4                HAL_TIM_MspPostInit
                0x08015f70                MX_TIM2_Init
                0x08015fe0                MX_TIM4_Init
                0x08016054                MX_TIM8_Init
                0x0801610c                HAL_TIM_Encoder_MspDeInit
                0x08016154                HAL_TIM_PWM_MspDeInit
                0x080161a0                HAL_TIM_Base_MspDeInit
 *fill*         0x080161c4        0x4 
 .text          0x080161c8     0x1c54 Src\turning.o
                0x080161c8                slalomR
                0x08016350                slalomL
                0x080164c8                turn90R
                0x0801664c                turn90L
                0x080167c8                turn180R
                0x0801694c                turn180L
                0x08016ac0                turn45inR
                0x08016d10                turn45inL
                0x08016f58                turn135inR
                0x080171a8                turn135inL
                0x080173f0                turn45outR
                0x08017534                turn45outL
                0x0801767c                turn135outR
                0x080177cc                turn135outL
                0x08017914                V90R
                0x08017a7c                V90L
                0x08017be4                testturning
 .text          0x08017e1c       0xd4 Src\usart.o
                0x08017e1c                MX_UART4_Init
                0x08017e54                HAL_UART_MspInit
                0x08017ec4                HAL_UART_MspDeInit
 .text          0x08017ef0       0x1c Src\wait_ms.o
                0x08017ef0                wait_ms
 .text          0x08017f0c      0x1c4 Src\yellow_LED.o
                0x08017f0c                yellow_off
                0x08017f74                yellow_on
                0x08017fdc                yellow_count
 .text          0x080180d0       0x10 c:/users/sf199/desktop/2018_04_03/truestudio for stm32 9.2.0/armtools/bin/../lib/gcc/arm-atollic-eabi/6.3.1/../../../../arm-atollic-eabi/lib/armv7e-m/fpu\libc_nano.a(lib_a-strlen.o)
                0x080180d0                strlen
 .text          0x080180e0       0xa0 c:/users/sf199/desktop/2018_04_03/truestudio for stm32 9.2.0/armtools/bin/../lib/gcc/arm-atollic-eabi/6.3.1/../../../../arm-atollic-eabi/lib/armv7e-m/fpu\libc_nano.a(lib_a-memchr.o)
                0x080180e0                memchr
 .text          0x08018180      0x370 c:/users/sf199/desktop/2018_04_03/truestudio for stm32 9.2.0/armtools/bin/../lib/gcc/arm-atollic-eabi/6.3.1/armv7e-m/fpu\libgcc.a(_arm_addsubdf3.o)
                0x08018180                __aeabi_drsub
                0x08018188                __aeabi_dsub
                0x08018188                __subdf3
                0x0801818c                __aeabi_dadd
                0x0801818c                __adddf3
                0x08018404                __floatunsidf
                0x08018404                __aeabi_ui2d
                0x08018424                __floatsidf
                0x08018424                __aeabi_i2d
                0x08018448                __aeabi_f2d
                0x08018448                __extendsfdf2
                0x08018484                __floatundidf
                0x08018484                __aeabi_ul2d
                0x08018494                __floatdidf
                0x08018494                __aeabi_l2d
 .text          0x080184f0      0x424 c:/users/sf199/desktop/2018_04_03/truestudio for stm32 9.2.0/armtools/bin/../lib/gcc/arm-atollic-eabi/6.3.1/armv7e-m/fpu\libgcc.a(_arm_muldivdf3.o)
                0x080184f0                __aeabi_dmul
                0x080184f0                __muldf3
                0x08018744                __divdf3
                0x08018744                __aeabi_ddiv
 .text          0x08018914      0x110 c:/users/sf199/desktop/2018_04_03/truestudio for stm32 9.2.0/armtools/bin/../lib/gcc/arm-atollic-eabi/6.3.1/armv7e-m/fpu\libgcc.a(_arm_cmpdf2.o)
                0x08018914                __gtdf2
                0x08018914                __gedf2
                0x0801891c                __ltdf2
                0x0801891c                __ledf2
                0x08018924                __nedf2
                0x08018924                __eqdf2
                0x08018924                __cmpdf2
                0x080189a0                __aeabi_cdrcmple
                0x080189b0                __aeabi_cdcmpeq
                0x080189b0                __aeabi_cdcmple
                0x080189c0                __aeabi_dcmpeq
                0x080189d4                __aeabi_dcmplt
                0x080189e8                __aeabi_dcmple
                0x080189fc                __aeabi_dcmpge
                0x08018a10                __aeabi_dcmpgt
 .text          0x08018a24       0x2c c:/users/sf199/desktop/2018_04_03/truestudio for stm32 9.2.0/armtools/bin/../lib/gcc/arm-atollic-eabi/6.3.1/armv7e-m/fpu\libgcc.a(_arm_unorddf2.o)
                0x08018a24                __unorddf2
                0x08018a24                __aeabi_dcmpun
 .text          0x08018a50       0x50 c:/users/sf199/desktop/2018_04_03/truestudio for stm32 9.2.0/armtools/bin/../lib/gcc/arm-atollic-eabi/6.3.1/armv7e-m/fpu\libgcc.a(_arm_fixdfsi.o)
                0x08018a50                __aeabi_d2iz
                0x08018a50                __fixdfsi
 .text          0x08018aa0       0x40 c:/users/sf199/desktop/2018_04_03/truestudio for stm32 9.2.0/armtools/bin/../lib/gcc/arm-atollic-eabi/6.3.1/armv7e-m/fpu\libgcc.a(_arm_fixunsdfsi.o)
                0x08018aa0                __aeabi_d2uiz
                0x08018aa0                __fixunsdfsi
 .text          0x08018ae0       0xa0 c:/users/sf199/desktop/2018_04_03/truestudio for stm32 9.2.0/armtools/bin/../lib/gcc/arm-atollic-eabi/6.3.1/armv7e-m/fpu\libgcc.a(_arm_truncdfsf2.o)
                0x08018ae0                __truncdfsf2
                0x08018ae0                __aeabi_d2f
 .text          0x08018b80       0x30 c:/users/sf199/desktop/2018_04_03/truestudio for stm32 9.2.0/armtools/bin/../lib/gcc/arm-atollic-eabi/6.3.1/armv7e-m/fpu\libgcc.a(_aeabi_uldivmod.o)
                0x08018b80                __aeabi_uldivmod
 .text          0x08018bb0      0x2dc c:/users/sf199/desktop/2018_04_03/truestudio for stm32 9.2.0/armtools/bin/../lib/gcc/arm-atollic-eabi/6.3.1/armv7e-m/fpu\libgcc.a(_udivmoddi4.o)
                0x08018bb0                __udivmoddi4
 .text          0x08018e8c        0x4 c:/users/sf199/desktop/2018_04_03/truestudio for stm32 9.2.0/armtools/bin/../lib/gcc/arm-atollic-eabi/6.3.1/armv7e-m/fpu\libgcc.a(_dvmd_tls.o)
                0x08018e8c                __aeabi_idiv0
                0x08018e8c                __aeabi_ldiv0
 *(.text*)
 .text.startup  0x08018e90     0x148c Src\main.o
                0x08018e90                main
 .text.Reset_Handler
                0x0801a31c       0x50 startup\startup_stm32f405xx.o
                0x0801a31c                Reset_Handler
 .text.Default_Handler
                0x0801a36c        0x2 startup\startup_stm32f405xx.o
                0x0801a36c                RTC_Alarm_IRQHandler
                0x0801a36c                HASH_RNG_IRQHandler
                0x0801a36c                EXTI2_IRQHandler
                0x0801a36c                TIM1_CC_IRQHandler
                0x0801a36c                DMA2_Stream5_IRQHandler
                0x0801a36c                DMA1_Stream5_IRQHandler
                0x0801a36c                PVD_IRQHandler
                0x0801a36c                SDIO_IRQHandler
                0x0801a36c                TAMP_STAMP_IRQHandler
                0x0801a36c                CAN2_RX1_IRQHandler
                0x0801a36c                EXTI3_IRQHandler
                0x0801a36c                TIM8_TRG_COM_TIM14_IRQHandler
                0x0801a36c                TIM1_UP_TIM10_IRQHandler
                0x0801a36c                TIM8_UP_TIM13_IRQHandler
                0x0801a36c                I2C3_ER_IRQHandler
                0x0801a36c                EXTI0_IRQHandler
                0x0801a36c                I2C2_EV_IRQHandler
                0x0801a36c                DMA1_Stream2_IRQHandler
                0x0801a36c                CAN1_RX0_IRQHandler
                0x0801a36c                FPU_IRQHandler
                0x0801a36c                OTG_HS_WKUP_IRQHandler
                0x0801a36c                CAN2_SCE_IRQHandler
                0x0801a36c                DMA2_Stream2_IRQHandler
                0x0801a36c                SPI1_IRQHandler
                0x0801a36c                TIM1_BRK_TIM9_IRQHandler
                0x0801a36c                CAN2_RX0_IRQHandler
                0x0801a36c                DMA2_Stream3_IRQHandler
                0x0801a36c                USART6_IRQHandler
                0x0801a36c                USART3_IRQHandler
                0x0801a36c                CAN1_RX1_IRQHandler
                0x0801a36c                UART5_IRQHandler
                0x0801a36c                TIM4_IRQHandler
                0x0801a36c                I2C1_EV_IRQHandler
                0x0801a36c                DMA1_Stream6_IRQHandler
                0x0801a36c                DMA1_Stream1_IRQHandler
                0x0801a36c                UART4_IRQHandler
                0x0801a36c                TIM3_IRQHandler
                0x0801a36c                RCC_IRQHandler
                0x0801a36c                TIM8_BRK_TIM12_IRQHandler
                0x0801a36c                Default_Handler
                0x0801a36c                EXTI15_10_IRQHandler
                0x0801a36c                DMA1_Stream7_IRQHandler
                0x0801a36c                TIM7_IRQHandler
                0x0801a36c                CAN2_TX_IRQHandler
                0x0801a36c                TIM5_IRQHandler
                0x0801a36c                DMA2_Stream7_IRQHandler
                0x0801a36c                I2C3_EV_IRQHandler
                0x0801a36c                EXTI9_5_IRQHandler
                0x0801a36c                RTC_WKUP_IRQHandler
                0x0801a36c                SPI2_IRQHandler
                0x0801a36c                OTG_HS_EP1_IN_IRQHandler
                0x0801a36c                DMA1_Stream0_IRQHandler
                0x0801a36c                CAN1_TX_IRQHandler
                0x0801a36c                EXTI4_IRQHandler
                0x0801a36c                FSMC_IRQHandler
                0x0801a36c                OTG_HS_EP1_OUT_IRQHandler
                0x0801a36c                WWDG_IRQHandler
                0x0801a36c                TIM2_IRQHandler
                0x0801a36c                OTG_FS_WKUP_IRQHandler
                0x0801a36c                TIM1_TRG_COM_TIM11_IRQHandler
                0x0801a36c                OTG_HS_IRQHandler
                0x0801a36c                EXTI1_IRQHandler
                0x0801a36c                USART2_IRQHandler
                0x0801a36c                I2C2_ER_IRQHandler
                0x0801a36c                DMA2_Stream1_IRQHandler
                0x0801a36c                CAN1_SCE_IRQHandler
                0x0801a36c                FLASH_IRQHandler
                0x0801a36c                DMA2_Stream4_IRQHandler
                0x0801a36c                USART1_IRQHandler
                0x0801a36c                OTG_FS_IRQHandler
                0x0801a36c                SPI3_IRQHandler
                0x0801a36c                DMA1_Stream4_IRQHandler
                0x0801a36c                I2C1_ER_IRQHandler
                0x0801a36c                DMA2_Stream6_IRQHandler
                0x0801a36c                DMA1_Stream3_IRQHandler
 *fill*         0x0801a36e        0x2 
 .text.__libc_init_array
                0x0801a370       0x48 c:/users/sf199/desktop/2018_04_03/truestudio for stm32 9.2.0/armtools/bin/../lib/gcc/arm-atollic-eabi/6.3.1/../../../../arm-atollic-eabi/lib/armv7e-m/fpu\libc_nano.a(lib_a-init.o)
                0x0801a370                __libc_init_array
 .text.memcpy   0x0801a3b8       0x16 c:/users/sf199/desktop/2018_04_03/truestudio for stm32 9.2.0/armtools/bin/../lib/gcc/arm-atollic-eabi/6.3.1/../../../../arm-atollic-eabi/lib/armv7e-m/fpu\libc_nano.a(lib_a-memcpy-stub.o)
                0x0801a3b8                memcpy
 .text.memset   0x0801a3ce       0x10 c:/users/sf199/desktop/2018_04_03/truestudio for stm32 9.2.0/armtools/bin/../lib/gcc/arm-atollic-eabi/6.3.1/../../../../arm-atollic-eabi/lib/armv7e-m/fpu\libc_nano.a(lib_a-memset.o)
                0x0801a3ce                memset
 .text.__cvt    0x0801a3de       0xc2 c:/users/sf199/desktop/2018_04_03/truestudio for stm32 9.2.0/armtools/bin/../lib/gcc/arm-atollic-eabi/6.3.1/../../../../arm-atollic-eabi/lib/armv7e-m/fpu\libc_nano.a(lib_a-nano-vfprintf_float.o)
                0x0801a3de                __cvt
 .text.__exponent
                0x0801a4a0       0x6a c:/users/sf199/desktop/2018_04_03/truestudio for stm32 9.2.0/armtools/bin/../lib/gcc/arm-atollic-eabi/6.3.1/../../../../arm-atollic-eabi/lib/armv7e-m/fpu\libc_nano.a(lib_a-nano-vfprintf_float.o)
                0x0801a4a0                __exponent
 *fill*         0x0801a50a        0x2 
 .text._printf_float
                0x0801a50c      0x480 c:/users/sf199/desktop/2018_04_03/truestudio for stm32 9.2.0/armtools/bin/../lib/gcc/arm-atollic-eabi/6.3.1/../../../../arm-atollic-eabi/lib/armv7e-m/fpu\libc_nano.a(lib_a-nano-vfprintf_float.o)
                0x0801a50c                _printf_float
 .text._printf_common
                0x0801a98c       0xec c:/users/sf199/desktop/2018_04_03/truestudio for stm32 9.2.0/armtools/bin/../lib/gcc/arm-atollic-eabi/6.3.1/../../../../arm-atollic-eabi/lib/armv7e-m/fpu\libc_nano.a(lib_a-nano-vfprintf_i.o)
                0x0801a98c                _printf_common
 .text._printf_i
                0x0801aa78      0x240 c:/users/sf199/desktop/2018_04_03/truestudio for stm32 9.2.0/armtools/bin/../lib/gcc/arm-atollic-eabi/6.3.1/../../../../arm-atollic-eabi/lib/armv7e-m/fpu\libc_nano.a(lib_a-nano-vfprintf_i.o)
                0x0801aa78                _printf_i
 .text.printf   0x0801acb8       0x30 c:/users/sf199/desktop/2018_04_03/truestudio for stm32 9.2.0/armtools/bin/../lib/gcc/arm-atollic-eabi/6.3.1/../../../../arm-atollic-eabi/lib/armv7e-m/fpu\libc_nano.a(lib_a-printf.o)
                0x0801acb8                iprintf
                0x0801acb8                printf
 .text._puts_r  0x0801ace8       0xb8 c:/users/sf199/desktop/2018_04_03/truestudio for stm32 9.2.0/armtools/bin/../lib/gcc/arm-atollic-eabi/6.3.1/../../../../arm-atollic-eabi/lib/armv7e-m/fpu\libc_nano.a(lib_a-puts.o)
                0x0801ace8                _puts_r
 .text.puts     0x0801ada0       0x10 c:/users/sf199/desktop/2018_04_03/truestudio for stm32 9.2.0/armtools/bin/../lib/gcc/arm-atollic-eabi/6.3.1/../../../../arm-atollic-eabi/lib/armv7e-m/fpu\libc_nano.a(lib_a-puts.o)
                0x0801ada0                puts
 .text.__swbuf_r
                0x0801adb0       0xa4 c:/users/sf199/desktop/2018_04_03/truestudio for stm32 9.2.0/armtools/bin/../lib/gcc/arm-atollic-eabi/6.3.1/../../../../arm-atollic-eabi/lib/armv7e-m/fpu\libc_nano.a(lib_a-wbuf.o)
                0x0801adb0                __swbuf_r
 .text.__swsetup_r
                0x0801ae54       0xdc c:/users/sf199/desktop/2018_04_03/truestudio for stm32 9.2.0/armtools/bin/../lib/gcc/arm-atollic-eabi/6.3.1/../../../../arm-atollic-eabi/lib/armv7e-m/fpu\libc_nano.a(lib_a-wsetup.o)
                0x0801ae54                __swsetup_r
 .text.quorem   0x0801af30      0x118 c:/users/sf199/desktop/2018_04_03/truestudio for stm32 9.2.0/armtools/bin/../lib/gcc/arm-atollic-eabi/6.3.1/../../../../arm-atollic-eabi/lib/armv7e-m/fpu\libc_nano.a(lib_a-dtoa.o)
 .text._dtoa_r  0x0801b048      0xb9c c:/users/sf199/desktop/2018_04_03/truestudio for stm32 9.2.0/armtools/bin/../lib/gcc/arm-atollic-eabi/6.3.1/../../../../arm-atollic-eabi/lib/armv7e-m/fpu\libc_nano.a(lib_a-dtoa.o)
                0x0801b048                _dtoa_r
 .text.__sflush_r
                0x0801bbe4      0x110 c:/users/sf199/desktop/2018_04_03/truestudio for stm32 9.2.0/armtools/bin/../lib/gcc/arm-atollic-eabi/6.3.1/../../../../arm-atollic-eabi/lib/armv7e-m/fpu\libc_nano.a(lib_a-fflush.o)
                0x0801bbe4                __sflush_r
 .text._fflush_r
                0x0801bcf4       0x54 c:/users/sf199/desktop/2018_04_03/truestudio for stm32 9.2.0/armtools/bin/../lib/gcc/arm-atollic-eabi/6.3.1/../../../../arm-atollic-eabi/lib/armv7e-m/fpu\libc_nano.a(lib_a-fflush.o)
                0x0801bcf4                _fflush_r
 .text._cleanup_r
                0x0801bd48        0xc c:/users/sf199/desktop/2018_04_03/truestudio for stm32 9.2.0/armtools/bin/../lib/gcc/arm-atollic-eabi/6.3.1/../../../../arm-atollic-eabi/lib/armv7e-m/fpu\libc_nano.a(lib_a-findfp.o)
                0x0801bd48                _cleanup_r
 .text.std.isra.0
                0x0801bd54       0x48 c:/users/sf199/desktop/2018_04_03/truestudio for stm32 9.2.0/armtools/bin/../lib/gcc/arm-atollic-eabi/6.3.1/../../../../arm-atollic-eabi/lib/armv7e-m/fpu\libc_nano.a(lib_a-findfp.o)
 .text.__sfmoreglue
                0x0801bd9c       0x2c c:/users/sf199/desktop/2018_04_03/truestudio for stm32 9.2.0/armtools/bin/../lib/gcc/arm-atollic-eabi/6.3.1/../../../../arm-atollic-eabi/lib/armv7e-m/fpu\libc_nano.a(lib_a-findfp.o)
                0x0801bd9c                __sfmoreglue
 .text.__sinit  0x0801bdc8       0x60 c:/users/sf199/desktop/2018_04_03/truestudio for stm32 9.2.0/armtools/bin/../lib/gcc/arm-atollic-eabi/6.3.1/../../../../arm-atollic-eabi/lib/armv7e-m/fpu\libc_nano.a(lib_a-findfp.o)
                0x0801bdc8                __sinit
 .text.__sfp    0x0801be28       0x78 c:/users/sf199/desktop/2018_04_03/truestudio for stm32 9.2.0/armtools/bin/../lib/gcc/arm-atollic-eabi/6.3.1/../../../../arm-atollic-eabi/lib/armv7e-m/fpu\libc_nano.a(lib_a-findfp.o)
                0x0801be28                __sfp
 .text._fwalk_reent
                0x0801bea0       0x3c c:/users/sf199/desktop/2018_04_03/truestudio for stm32 9.2.0/armtools/bin/../lib/gcc/arm-atollic-eabi/6.3.1/../../../../arm-atollic-eabi/lib/armv7e-m/fpu\libc_nano.a(lib_a-fwalk.o)
                0x0801bea0                _fwalk_reent
 .text._localeconv_r
                0x0801bedc       0x1c c:/users/sf199/desktop/2018_04_03/truestudio for stm32 9.2.0/armtools/bin/../lib/gcc/arm-atollic-eabi/6.3.1/../../../../arm-atollic-eabi/lib/armv7e-m/fpu\libc_nano.a(lib_a-localeconv.o)
                0x0801bedc                _localeconv_r
 .text.__swhatbuf_r
                0x0801bef8       0x48 c:/users/sf199/desktop/2018_04_03/truestudio for stm32 9.2.0/armtools/bin/../lib/gcc/arm-atollic-eabi/6.3.1/../../../../arm-atollic-eabi/lib/armv7e-m/fpu\libc_nano.a(lib_a-makebuf.o)
                0x0801bef8                __swhatbuf_r
 .text.__smakebuf_r
                0x0801bf40       0x80 c:/users/sf199/desktop/2018_04_03/truestudio for stm32 9.2.0/armtools/bin/../lib/gcc/arm-atollic-eabi/6.3.1/../../../../arm-atollic-eabi/lib/armv7e-m/fpu\libc_nano.a(lib_a-makebuf.o)
                0x0801bf40                __smakebuf_r
 .text.malloc   0x0801bfc0       0x10 c:/users/sf199/desktop/2018_04_03/truestudio for stm32 9.2.0/armtools/bin/../lib/gcc/arm-atollic-eabi/6.3.1/../../../../arm-atollic-eabi/lib/armv7e-m/fpu\libc_nano.a(lib_a-malloc.o)
                0x0801bfc0                malloc
 .text._Balloc  0x0801bfd0       0x68 c:/users/sf199/desktop/2018_04_03/truestudio for stm32 9.2.0/armtools/bin/../lib/gcc/arm-atollic-eabi/6.3.1/../../../../arm-atollic-eabi/lib/armv7e-m/fpu\libc_nano.a(lib_a-mprec.o)
                0x0801bfd0                _Balloc
 .text._Bfree   0x0801c038       0x2e c:/users/sf199/desktop/2018_04_03/truestudio for stm32 9.2.0/armtools/bin/../lib/gcc/arm-atollic-eabi/6.3.1/../../../../arm-atollic-eabi/lib/armv7e-m/fpu\libc_nano.a(lib_a-mprec.o)
                0x0801c038                _Bfree
 .text.__multadd
                0x0801c066       0x76 c:/users/sf199/desktop/2018_04_03/truestudio for stm32 9.2.0/armtools/bin/../lib/gcc/arm-atollic-eabi/6.3.1/../../../../arm-atollic-eabi/lib/armv7e-m/fpu\libc_nano.a(lib_a-mprec.o)
                0x0801c066                __multadd
 .text.__hi0bits
                0x0801c0dc       0x3e c:/users/sf199/desktop/2018_04_03/truestudio for stm32 9.2.0/armtools/bin/../lib/gcc/arm-atollic-eabi/6.3.1/../../../../arm-atollic-eabi/lib/armv7e-m/fpu\libc_nano.a(lib_a-mprec.o)
                0x0801c0dc                __hi0bits
 .text.__lo0bits
                0x0801c11a       0x5e c:/users/sf199/desktop/2018_04_03/truestudio for stm32 9.2.0/armtools/bin/../lib/gcc/arm-atollic-eabi/6.3.1/../../../../arm-atollic-eabi/lib/armv7e-m/fpu\libc_nano.a(lib_a-mprec.o)
                0x0801c11a                __lo0bits
 .text.__i2b    0x0801c178       0x12 c:/users/sf199/desktop/2018_04_03/truestudio for stm32 9.2.0/armtools/bin/../lib/gcc/arm-atollic-eabi/6.3.1/../../../../arm-atollic-eabi/lib/armv7e-m/fpu\libc_nano.a(lib_a-mprec.o)
                0x0801c178                __i2b
 .text.__multiply
                0x0801c18a      0x11a c:/users/sf199/desktop/2018_04_03/truestudio for stm32 9.2.0/armtools/bin/../lib/gcc/arm-atollic-eabi/6.3.1/../../../../arm-atollic-eabi/lib/armv7e-m/fpu\libc_nano.a(lib_a-mprec.o)
                0x0801c18a                __multiply
 .text.__pow5mult
                0x0801c2a4       0x9c c:/users/sf199/desktop/2018_04_03/truestudio for stm32 9.2.0/armtools/bin/../lib/gcc/arm-atollic-eabi/6.3.1/../../../../arm-atollic-eabi/lib/armv7e-m/fpu\libc_nano.a(lib_a-mprec.o)
                0x0801c2a4                __pow5mult
 .text.__lshift
                0x0801c340       0xa2 c:/users/sf199/desktop/2018_04_03/truestudio for stm32 9.2.0/armtools/bin/../lib/gcc/arm-atollic-eabi/6.3.1/../../../../arm-atollic-eabi/lib/armv7e-m/fpu\libc_nano.a(lib_a-mprec.o)
                0x0801c340                __lshift
 .text.__mcmp   0x0801c3e2       0x34 c:/users/sf199/desktop/2018_04_03/truestudio for stm32 9.2.0/armtools/bin/../lib/gcc/arm-atollic-eabi/6.3.1/../../../../arm-atollic-eabi/lib/armv7e-m/fpu\libc_nano.a(lib_a-mprec.o)
                0x0801c3e2                __mcmp
 .text.__mdiff  0x0801c416       0xbc c:/users/sf199/desktop/2018_04_03/truestudio for stm32 9.2.0/armtools/bin/../lib/gcc/arm-atollic-eabi/6.3.1/../../../../arm-atollic-eabi/lib/armv7e-m/fpu\libc_nano.a(lib_a-mprec.o)
                0x0801c416                __mdiff
 .text.__d2b    0x0801c4d2       0x9e c:/users/sf199/desktop/2018_04_03/truestudio for stm32 9.2.0/armtools/bin/../lib/gcc/arm-atollic-eabi/6.3.1/../../../../arm-atollic-eabi/lib/armv7e-m/fpu\libc_nano.a(lib_a-mprec.o)
                0x0801c4d2                __d2b
 .text._calloc_r
                0x0801c570       0x1c c:/users/sf199/desktop/2018_04_03/truestudio for stm32 9.2.0/armtools/bin/../lib/gcc/arm-atollic-eabi/6.3.1/../../../../arm-atollic-eabi/lib/armv7e-m/fpu\libc_nano.a(lib_a-nano-callocr.o)
                0x0801c570                _calloc_r
 .text._free_r  0x0801c58c       0x9c c:/users/sf199/desktop/2018_04_03/truestudio for stm32 9.2.0/armtools/bin/../lib/gcc/arm-atollic-eabi/6.3.1/../../../../arm-atollic-eabi/lib/armv7e-m/fpu\libc_nano.a(lib_a-nano-freer.o)
                0x0801c58c                _free_r
 .text._malloc_r
                0x0801c628       0xbc c:/users/sf199/desktop/2018_04_03/truestudio for stm32 9.2.0/armtools/bin/../lib/gcc/arm-atollic-eabi/6.3.1/../../../../arm-atollic-eabi/lib/armv7e-m/fpu\libc_nano.a(lib_a-nano-mallocr.o)
                0x0801c628                _malloc_r
 .text.__sfputc_r
                0x0801c6e4       0x30 c:/users/sf199/desktop/2018_04_03/truestudio for stm32 9.2.0/armtools/bin/../lib/gcc/arm-atollic-eabi/6.3.1/../../../../arm-atollic-eabi/lib/armv7e-m/fpu\libc_nano.a(lib_a-nano-vfprintf.o)
 .text.__sfputs_r
                0x0801c714       0x24 c:/users/sf199/desktop/2018_04_03/truestudio for stm32 9.2.0/armtools/bin/../lib/gcc/arm-atollic-eabi/6.3.1/../../../../arm-atollic-eabi/lib/armv7e-m/fpu\libc_nano.a(lib_a-nano-vfprintf.o)
                0x0801c714                __sfputs_r
 .text._vfprintf_r
                0x0801c738      0x22c c:/users/sf199/desktop/2018_04_03/truestudio for stm32 9.2.0/armtools/bin/../lib/gcc/arm-atollic-eabi/6.3.1/../../../../arm-atollic-eabi/lib/armv7e-m/fpu\libc_nano.a(lib_a-nano-vfprintf.o)
                0x0801c738                _vfprintf_r
                0x0801c738                _vfiprintf_r
 .text._sbrk_r  0x0801c964       0x20 c:/users/sf199/desktop/2018_04_03/truestudio for stm32 9.2.0/armtools/bin/../lib/gcc/arm-atollic-eabi/6.3.1/../../../../arm-atollic-eabi/lib/armv7e-m/fpu\libc_nano.a(lib_a-sbrkr.o)
                0x0801c964                _sbrk_r
 .text.__sread  0x0801c984       0x22 c:/users/sf199/desktop/2018_04_03/truestudio for stm32 9.2.0/armtools/bin/../lib/gcc/arm-atollic-eabi/6.3.1/../../../../arm-atollic-eabi/lib/armv7e-m/fpu\libc_nano.a(lib_a-stdio.o)
                0x0801c984                __sread
 .text.__swrite
                0x0801c9a6       0x38 c:/users/sf199/desktop/2018_04_03/truestudio for stm32 9.2.0/armtools/bin/../lib/gcc/arm-atollic-eabi/6.3.1/../../../../arm-atollic-eabi/lib/armv7e-m/fpu\libc_nano.a(lib_a-stdio.o)
                0x0801c9a6                __swrite
 .text.__sseek  0x0801c9de       0x24 c:/users/sf199/desktop/2018_04_03/truestudio for stm32 9.2.0/armtools/bin/../lib/gcc/arm-atollic-eabi/6.3.1/../../../../arm-atollic-eabi/lib/armv7e-m/fpu\libc_nano.a(lib_a-stdio.o)
                0x0801c9de                __sseek
 .text.__sclose
                0x0801ca02        0x8 c:/users/sf199/desktop/2018_04_03/truestudio for stm32 9.2.0/armtools/bin/../lib/gcc/arm-atollic-eabi/6.3.1/../../../../arm-atollic-eabi/lib/armv7e-m/fpu\libc_nano.a(lib_a-stdio.o)
                0x0801ca02                __sclose
 *fill*         0x0801ca0a        0x2 
 .text._write_r
                0x0801ca0c       0x24 c:/users/sf199/desktop/2018_04_03/truestudio for stm32 9.2.0/armtools/bin/../lib/gcc/arm-atollic-eabi/6.3.1/../../../../arm-atollic-eabi/lib/armv7e-m/fpu\libc_nano.a(lib_a-writer.o)
                0x0801ca0c                _write_r
 .text._close_r
                0x0801ca30       0x20 c:/users/sf199/desktop/2018_04_03/truestudio for stm32 9.2.0/armtools/bin/../lib/gcc/arm-atollic-eabi/6.3.1/../../../../arm-atollic-eabi/lib/armv7e-m/fpu\libc_nano.a(lib_a-closer.o)
                0x0801ca30                _close_r
 .text._fstat_r
                0x0801ca50       0x24 c:/users/sf199/desktop/2018_04_03/truestudio for stm32 9.2.0/armtools/bin/../lib/gcc/arm-atollic-eabi/6.3.1/../../../../arm-atollic-eabi/lib/armv7e-m/fpu\libc_nano.a(lib_a-fstatr.o)
                0x0801ca50                _fstat_r
 .text._isatty_r
                0x0801ca74       0x20 c:/users/sf199/desktop/2018_04_03/truestudio for stm32 9.2.0/armtools/bin/../lib/gcc/arm-atollic-eabi/6.3.1/../../../../arm-atollic-eabi/lib/armv7e-m/fpu\libc_nano.a(lib_a-isattyr.o)
                0x0801ca74                _isatty_r
 .text._lseek_r
                0x0801ca94       0x24 c:/users/sf199/desktop/2018_04_03/truestudio for stm32 9.2.0/armtools/bin/../lib/gcc/arm-atollic-eabi/6.3.1/../../../../arm-atollic-eabi/lib/armv7e-m/fpu\libc_nano.a(lib_a-lseekr.o)
                0x0801ca94                _lseek_r
 .text.__ascii_mbtowc
                0x0801cab8       0x24 c:/users/sf199/desktop/2018_04_03/truestudio for stm32 9.2.0/armtools/bin/../lib/gcc/arm-atollic-eabi/6.3.1/../../../../arm-atollic-eabi/lib/armv7e-m/fpu\libc_nano.a(lib_a-mbtowc_r.o)
                0x0801cab8                __ascii_mbtowc
 .text.__malloc_lock
                0x0801cadc        0x2 c:/users/sf199/desktop/2018_04_03/truestudio for stm32 9.2.0/armtools/bin/../lib/gcc/arm-atollic-eabi/6.3.1/../../../../arm-atollic-eabi/lib/armv7e-m/fpu\libc_nano.a(lib_a-mlock.o)
                0x0801cadc                __malloc_lock
 .text.__malloc_unlock
                0x0801cade        0x2 c:/users/sf199/desktop/2018_04_03/truestudio for stm32 9.2.0/armtools/bin/../lib/gcc/arm-atollic-eabi/6.3.1/../../../../arm-atollic-eabi/lib/armv7e-m/fpu\libc_nano.a(lib_a-mlock.o)
                0x0801cade                __malloc_unlock
 .text._read_r  0x0801cae0       0x24 c:/users/sf199/desktop/2018_04_03/truestudio for stm32 9.2.0/armtools/bin/../lib/gcc/arm-atollic-eabi/6.3.1/../../../../arm-atollic-eabi/lib/armv7e-m/fpu\libc_nano.a(lib_a-readr.o)
                0x0801cae0                _read_r
 .text.__ascii_wctomb
                0x0801cb04       0x1a c:/users/sf199/desktop/2018_04_03/truestudio for stm32 9.2.0/armtools/bin/../lib/gcc/arm-atollic-eabi/6.3.1/../../../../arm-atollic-eabi/lib/armv7e-m/fpu\libc_nano.a(lib_a-wctomb_r.o)
                0x0801cb04                __ascii_wctomb
 *(.glue_7)
 .glue_7        0x0801cb1e        0x0 linker stubs
 *(.glue_7t)
 .glue_7t       0x0801cb1e        0x0 linker stubs
 *(.eh_frame)
 *fill*         0x0801cb1e        0x2 
 .eh_frame      0x0801cb20        0x0 c:/users/sf199/desktop/2018_04_03/truestudio for stm32 9.2.0/armtools/bin/../lib/gcc/arm-atollic-eabi/6.3.1/armv7e-m/fpu/crtbegin.o
 *(.init)
 .init          0x0801cb20        0x4 c:/users/sf199/desktop/2018_04_03/truestudio for stm32 9.2.0/armtools/bin/../lib/gcc/arm-atollic-eabi/6.3.1/armv7e-m/fpu/crti.o
                0x0801cb20                _init
 .init          0x0801cb24        0x8 c:/users/sf199/desktop/2018_04_03/truestudio for stm32 9.2.0/armtools/bin/../lib/gcc/arm-atollic-eabi/6.3.1/armv7e-m/fpu/crtn.o
 *(.fini)
 .fini          0x0801cb2c        0x4 c:/users/sf199/desktop/2018_04_03/truestudio for stm32 9.2.0/armtools/bin/../lib/gcc/arm-atollic-eabi/6.3.1/armv7e-m/fpu/crti.o
                0x0801cb2c                _fini
 .fini          0x0801cb30        0x8 c:/users/sf199/desktop/2018_04_03/truestudio for stm32 9.2.0/armtools/bin/../lib/gcc/arm-atollic-eabi/6.3.1/armv7e-m/fpu/crtn.o
                0x0801cb38                . = ALIGN (0x4)
                0x0801cb38                _etext = .

.vfp11_veneer   0x0801cb38        0x0
 .vfp11_veneer  0x0801cb38        0x0 linker stubs

.v4_bx          0x0801cb38        0x0
 .v4_bx         0x0801cb38        0x0 linker stubs

.iplt           0x0801cb38        0x0
 .iplt          0x0801cb38        0x0 c:/users/sf199/desktop/2018_04_03/truestudio for stm32 9.2.0/armtools/bin/../lib/gcc/arm-atollic-eabi/6.3.1/armv7e-m/fpu/crtbegin.o

.rodata         0x0801cb38      0x488
                0x0801cb38                . = ALIGN (0x4)
 *(.rodata)
 .rodata        0x0801cb38        0x8 Drivers\STM32F4xx_HAL_Driver\Src\stm32f4xx_hal_dma.o
 .rodata        0x0801cb40        0x8 Src\flash.o
                0x0801cb40                end_adress
                0x0801cb44                start_address
 .rodata        0x0801cb48       0x18 Src\system_stm32f4xx.o
                0x0801cb48                AHBPrescTable
                0x0801cb58                APBPrescTable
 *(.rodata*)
 .rodata.str1.1
                0x0801cb60       0x20 Src\ICM_20602.o
 .rodata.str1.1
                0x0801cb80       0x4e Src\SENSOR_control.o
 .rodata.str1.1
                0x0801cbce       0x15 Src\main.o
                                 0x42 (size before relaxing)
 .rodata.str1.1
                0x0801cbe3       0x17 Src\maze_strategy.o
 .rodata.str1.1
                0x0801cbfa       0xdf Src\maze_wall.o
                                 0xe1 (size before relaxing)
 .rodata.str1.1
                0x0801ccd9       0x29 Src\record.o
                                 0x30 (size before relaxing)
 .rodata._printf_float.str1.1
                0x0801cd02       0x12 c:/users/sf199/desktop/2018_04_03/truestudio for stm32 9.2.0/armtools/bin/../lib/gcc/arm-atollic-eabi/6.3.1/../../../../arm-atollic-eabi/lib/armv7e-m/fpu\libc_nano.a(lib_a-nano-vfprintf_float.o)
 .rodata._printf_i.str1.1
                0x0801cd14       0x22 c:/users/sf199/desktop/2018_04_03/truestudio for stm32 9.2.0/armtools/bin/../lib/gcc/arm-atollic-eabi/6.3.1/../../../../arm-atollic-eabi/lib/armv7e-m/fpu\libc_nano.a(lib_a-nano-vfprintf_i.o)
 .rodata._dtoa_r.str1.1
                0x0801cd36        0xd c:/users/sf199/desktop/2018_04_03/truestudio for stm32 9.2.0/armtools/bin/../lib/gcc/arm-atollic-eabi/6.3.1/../../../../arm-atollic-eabi/lib/armv7e-m/fpu\libc_nano.a(lib_a-dtoa.o)
                                  0xf (size before relaxing)
 *fill*         0x0801cd43        0x1 
 .rodata.__sf_fake_stderr
                0x0801cd44       0x20 c:/users/sf199/desktop/2018_04_03/truestudio for stm32 9.2.0/armtools/bin/../lib/gcc/arm-atollic-eabi/6.3.1/../../../../arm-atollic-eabi/lib/armv7e-m/fpu\libc_nano.a(lib_a-findfp.o)
                0x0801cd44                __sf_fake_stderr
 .rodata.__sf_fake_stdin
                0x0801cd64       0x20 c:/users/sf199/desktop/2018_04_03/truestudio for stm32 9.2.0/armtools/bin/../lib/gcc/arm-atollic-eabi/6.3.1/../../../../arm-atollic-eabi/lib/armv7e-m/fpu\libc_nano.a(lib_a-findfp.o)
                0x0801cd64                __sf_fake_stdin
 .rodata.__sf_fake_stdout
                0x0801cd84       0x20 c:/users/sf199/desktop/2018_04_03/truestudio for stm32 9.2.0/armtools/bin/../lib/gcc/arm-atollic-eabi/6.3.1/../../../../arm-atollic-eabi/lib/armv7e-m/fpu\libc_nano.a(lib_a-findfp.o)
                0x0801cd84                __sf_fake_stdout
 .rodata._global_impure_ptr
                0x0801cda4        0x4 c:/users/sf199/desktop/2018_04_03/truestudio for stm32 9.2.0/armtools/bin/../lib/gcc/arm-atollic-eabi/6.3.1/../../../../arm-atollic-eabi/lib/armv7e-m/fpu\libc_nano.a(lib_a-impure.o)
                0x0801cda4                _global_impure_ptr
 .rodata.__mprec_bigtens
                0x0801cda8       0x28 c:/users/sf199/desktop/2018_04_03/truestudio for stm32 9.2.0/armtools/bin/../lib/gcc/arm-atollic-eabi/6.3.1/../../../../arm-atollic-eabi/lib/armv7e-m/fpu\libc_nano.a(lib_a-mprec.o)
                0x0801cda8                __mprec_bigtens
 .rodata.__mprec_tens
                0x0801cdd0       0xc8 c:/users/sf199/desktop/2018_04_03/truestudio for stm32 9.2.0/armtools/bin/../lib/gcc/arm-atollic-eabi/6.3.1/../../../../arm-atollic-eabi/lib/armv7e-m/fpu\libc_nano.a(lib_a-mprec.o)
                0x0801cdd0                __mprec_tens
 .rodata.p05.7175
                0x0801ce98        0xc c:/users/sf199/desktop/2018_04_03/truestudio for stm32 9.2.0/armtools/bin/../lib/gcc/arm-atollic-eabi/6.3.1/../../../../arm-atollic-eabi/lib/armv7e-m/fpu\libc_nano.a(lib_a-mprec.o)
 .rodata._vfprintf_r.str1.1
                0x0801cea4       0x11 c:/users/sf199/desktop/2018_04_03/truestudio for stm32 9.2.0/armtools/bin/../lib/gcc/arm-atollic-eabi/6.3.1/../../../../arm-atollic-eabi/lib/armv7e-m/fpu\libc_nano.a(lib_a-nano-vfprintf.o)
 .rodata._setlocale_r.str1.1
                0x0801ceb5        0x8 c:/users/sf199/desktop/2018_04_03/truestudio for stm32 9.2.0/armtools/bin/../lib/gcc/arm-atollic-eabi/6.3.1/../../../../arm-atollic-eabi/lib/armv7e-m/fpu\libc_nano.a(lib_a-locale.o)
                                  0x9 (size before relaxing)
 .rodata.str1.1
                0x0801cebd        0x2 c:/users/sf199/desktop/2018_04_03/truestudio for stm32 9.2.0/armtools/bin/../lib/gcc/arm-atollic-eabi/6.3.1/../../../../arm-atollic-eabi/lib/armv7e-m/fpu\libc_nano.a(lib_a-locale.o)
 .rodata._ctype_
                0x0801cebf      0x101 c:/users/sf199/desktop/2018_04_03/truestudio for stm32 9.2.0/armtools/bin/../lib/gcc/arm-atollic-eabi/6.3.1/../../../../arm-atollic-eabi/lib/armv7e-m/fpu\libc_nano.a(lib_a-ctype_.o)
                0x0801cebf                _ctype_
                0x0801cfc0                . = ALIGN (0x4)

.ARM.extab
 *(.ARM.extab* .gnu.linkonce.armextab.*)

.ARM            0x0801cfc0        0x8
                0x0801cfc0                __exidx_start = .
 *(.ARM.exidx*)
 .ARM.exidx     0x0801cfc0        0x8 c:/users/sf199/desktop/2018_04_03/truestudio for stm32 9.2.0/armtools/bin/../lib/gcc/arm-atollic-eabi/6.3.1/armv7e-m/fpu\libgcc.a(_udivmoddi4.o)
                0x0801cfc8                __exidx_end = .

.rel.dyn        0x0801cfc8        0x0
 .rel.iplt      0x0801cfc8        0x0 c:/users/sf199/desktop/2018_04_03/truestudio for stm32 9.2.0/armtools/bin/../lib/gcc/arm-atollic-eabi/6.3.1/armv7e-m/fpu/crtbegin.o

.preinit_array  0x0801cfc8        0x0
                0x0801cfc8                PROVIDE (__preinit_array_start, .)
 *(.preinit_array*)
                0x0801cfc8                PROVIDE (__preinit_array_end, .)

.init_array     0x0801cfc8        0x4
                0x0801cfc8                PROVIDE (__init_array_start, .)
 *(SORT(.init_array.*))
 *(.init_array*)
 .init_array    0x0801cfc8        0x4 c:/users/sf199/desktop/2018_04_03/truestudio for stm32 9.2.0/armtools/bin/../lib/gcc/arm-atollic-eabi/6.3.1/armv7e-m/fpu/crtbegin.o
                0x0801cfcc                PROVIDE (__init_array_end, .)

.fini_array     0x0801cfcc        0x4
                [!provide]                PROVIDE (__fini_array_start, .)
 *(SORT(.fini_array.*))
 *(.fini_array*)
 .fini_array    0x0801cfcc        0x4 c:/users/sf199/desktop/2018_04_03/truestudio for stm32 9.2.0/armtools/bin/../lib/gcc/arm-atollic-eabi/6.3.1/armv7e-m/fpu/crtbegin.o
                [!provide]                PROVIDE (__fini_array_end, .)
                0x0801cfd0                _sidata = LOADADDR (.data)

.data           0x20000000      0x1e0 load address 0x0801cfd0
                0x20000000                . = ALIGN (0x4)
                0x20000000                _sdata = .
 *(.data)
 .data          0x20000000        0x8 Drivers\STM32F4xx_HAL_Driver\Src\stm32f4xx_hal.o
                0x20000000                uwTickFreq
                0x20000004                uwTickPrio
 .data          0x20000008        0x2 Src\maze_strategy.o
                0x20000008                shift5
 .data          0x2000000a        0x2 Src\maze_wall.o
                0x2000000a                Xend_cheak
                0x2000000b                Yend_cheak
 .data          0x2000000c        0x4 Src\system_stm32f4xx.o
                0x2000000c                SystemCoreClock
 *(.data*)
 .data._impure_ptr
                0x20000010        0x4 c:/users/sf199/desktop/2018_04_03/truestudio for stm32 9.2.0/armtools/bin/../lib/gcc/arm-atollic-eabi/6.3.1/../../../../arm-atollic-eabi/lib/armv7e-m/fpu\libc_nano.a(lib_a-impure.o)
                0x20000010                _impure_ptr
 .data.impure_data
                0x20000014       0x60 c:/users/sf199/desktop/2018_04_03/truestudio for stm32 9.2.0/armtools/bin/../lib/gcc/arm-atollic-eabi/6.3.1/../../../../arm-atollic-eabi/lib/armv7e-m/fpu\libc_nano.a(lib_a-impure.o)
 .data.__global_locale
                0x20000074      0x16c c:/users/sf199/desktop/2018_04_03/truestudio for stm32 9.2.0/armtools/bin/../lib/gcc/arm-atollic-eabi/6.3.1/../../../../arm-atollic-eabi/lib/armv7e-m/fpu\libc_nano.a(lib_a-locale.o)
                0x20000074                __global_locale
                0x200001e0                . = ALIGN (0x4)
                0x200001e0                _edata = .
                0x0801d1b0                _siccmram = LOADADDR (.ccmram)

.igot.plt       0x200001e0        0x0 load address 0x0801d1b0
 .igot.plt      0x200001e0        0x0 c:/users/sf199/desktop/2018_04_03/truestudio for stm32 9.2.0/armtools/bin/../lib/gcc/arm-atollic-eabi/6.3.1/armv7e-m/fpu/crtbegin.o

.ccmram         0x10000000        0x0 load address 0x0801d1b0
                0x10000000                . = ALIGN (0x4)
                0x10000000                _sccmram = .
 *(.ccmram)
 *(.ccmram*)
                0x10000000                . = ALIGN (0x4)
                0x10000000                _eccmram = .
                0x10000000                . = ALIGN (0x4)

.bss            0x200001e0    0x14054
                0x200001e0                _sbss = .
                0x200001e0                __bss_start__ = _sbss
 *(.bss)
 .bss           0x200001e0       0x1c c:/users/sf199/desktop/2018_04_03/truestudio for stm32 9.2.0/armtools/bin/../lib/gcc/arm-atollic-eabi/6.3.1/armv7e-m/fpu/crtbegin.o
 .bss           0x200001fc        0x4 Src\D_speaker.o
                0x200001fc                countmode
                0x200001fe                pp
 .bss           0x20000200        0x1 Src\ICM_20602.o
 *fill*         0x20000201        0x3 
 .bss           0x20000204        0xc Src\maze_strategy.o
                0x20000204                t
                0x20000208                know_road
                0x20000209                first_most
                0x2000020c                hosuu
 .bss           0x20000210        0xc Src\maze_wall.o
                0x20000210                tt
                0x20000214                ss
                0x20000218                mode_255
 .bss           0x2000021c        0x8 Src\syscalls.o
                0x20000220                __env
 *(.bss*)
 .bss.__malloc_free_list
                0x20000224        0x4 c:/users/sf199/desktop/2018_04_03/truestudio for stm32 9.2.0/armtools/bin/../lib/gcc/arm-atollic-eabi/6.3.1/../../../../arm-atollic-eabi/lib/armv7e-m/fpu\libc_nano.a(lib_a-nano-mallocr.o)
                0x20000224                __malloc_free_list
 .bss.__malloc_sbrk_start
                0x20000228        0x4 c:/users/sf199/desktop/2018_04_03/truestudio for stm32 9.2.0/armtools/bin/../lib/gcc/arm-atollic-eabi/6.3.1/../../../../arm-atollic-eabi/lib/armv7e-m/fpu\libc_nano.a(lib_a-nano-mallocr.o)
                0x20000228                __malloc_sbrk_start
 *(COMMON)
 COMMON         0x2000022c        0x4 Drivers\STM32F4xx_HAL_Driver\Src\stm32f4xx_hal.o
                0x2000022c                uwTick
 COMMON         0x20000230       0x20 Drivers\STM32F4xx_HAL_Driver\Src\stm32f4xx_hal_flash.o
                0x20000230                pFlash
 COMMON         0x20000250        0x6 Src\BATTcheck.o
                0x20000250                batt
                0x20000254                battAD
 *fill*         0x20000256        0x2 
 COMMON         0x20000258     0x3838 Src\D_speaker.o
                0x20000258                unknow_story
                0x20001cb0                tyounen
                0x20003138                miss
                0x200031c0                Zelda_nazo
                0x20003200                time
                0x20003204                item_get
                0x2000322c                speakermode
                0x20003230                Zelda_song
                0x20003540                seria
 COMMON         0x20003a90    0x10490 Src\ICM_20602.o
                0x20003a90                SEN
                0x20003c20                no_wall_timeLslant
                0x20003c24                Ycheak_result
                0x20003c28                Turn_ideal_acceleration
                0x20003c2c                E_speedL0
                0x20003c30                no_wall_timeL2
                0x20003c34                No_wall_modeL2
                0x20003c38                SEN_recordD
                0x20003d64                speed1000
                0x20003ea4                speed800
                0x20003fe4                p
                0x20003fe8                turning_mode
                0x20003fec                s_disL
                0x20003ff0                s_disR
                0x20003ff4                record4
                0x20004094                x
                0x20004098                speed1200
                0x200041d8                Turn_max_speed
                0x200041dc                wall_north
                0x200041e0                Turn_acceleration
                0x200041e4                highspeed_mode
                0x200041e8                SEN_off
                0x200041f2                sensor_mode
                0x200041f4                count_number
                0x200041f8                E_speedR
                0x200041fc                wall_west
                0x20004200                angle_speed0
                0x20004204                ideal_acceleration
                0x20004208                angle_speed
                0x2000420c                slantLSEN
                0x20004210                pass
                0x2000460c                right_count
                0x20004610                PID_all_R
                0x20004614                E_distanceR
                0x20004618                No_wall_modeL
                0x2000461c                E_accelerationL
                0x20004620                PID_turn
                0x20004624                modeacc
                0x20004628                ideal_distance
                0x2000462c                angle_speedx
                0x20004630                walk_count
                0x20004830                maze_mode
                0x20004834                Turn_start_speed
                0x20004838                box
                0x2000483c                no_safty
                0x20004840                SENAve
                0x20004854                all_countR
                0x20004858                o
                0x2000485c                record_mode_gyro
                0x2000485d                record_mode_sensor
                0x2000485e                V_battAD
                0x20004860                coordinate
                0x20004862                front_count
                0x20004864                ADstop
                0x20004866                column
                0x20004884                no_wall_timeR2
                0x20004888                SEN_record
                0x200049b4                walk_direction
                0x20004ab4                input_pulse_speed
                0x20004ab8                No_wall_modeRslant
                0x20004abc                enc
                0x20004acc                pulse_speed
                0x20004ad0                ideal_speed
                0x20004ad4                no_wall_timeR
                0x20004ad8                max_speed
                0x20004adc                one_countL
                0x20004ae0                row_look
                0x20004b00                record5
                0x20004ba0                No_wall_modeR2
                0x20004ba4                start_speed
                0x20004ba8                direction
                0x20004bac                Turn_ideal_speed
                0x20004bb0                wall_control_mode
                0x20004bb4                gg
                0x20004bb8                s_P
                0x20004bbc                gyro
                0x20004bd4                angle_acceleration
                0x20004bd8                SENR_maze
                0x20004bdc                angle_speed_ave
                0x20004c04                slantRSEN
                0x20004c08                No_wall_modeLslant
                0x20004c0c                m_timCount
                0x20004c10                pulse_turnL_mode
                0x20004c14                PID_stra
                0x20004c18                SEN_on
                0x20004c24                count_stay2
                0x20004c28                pulse_turnR_mode
                0x20004c2c                angle
                0x20004c30                record1
                0x20013690                straight_mode
                0x20013694                a_speedx
                0x20013698                wall_control
                0x2001369c                SEN_distanceR
                0x200136a0                SEN_distanceL
                0x200136a4                error_mode
                0x200136a8                Turn_ideal_distance
                0x200136ac                record3
                0x200136fc                shift1
                0x200136fe                walk_count_slant
                0x20013ac0                E_speedR0
                0x20013ac4                wall_status
                0x20013ac5                status_change
                0x20013ac8                no_wall_timeRslant
                0x20013acc                count_box
                0x20013b1c                count_boxnext
                0x20013b6c                speed500
                0x20013cac                y
                0x20013cb0                count_stay
                0x20013cb4                SENL_maze
                0x20013cb8                PID_wall
                0x20013cbc                record2
                0x20013d0c                no_wall_timeL
                0x20013d10                slant_start
                0x20013d14                E_speedL
                0x20013d18                a_speed
                0x20013d1c                SENF_maze
                0x20013d20                record6
                0x20013dc0                end_speed
                0x20013dc4                V_batt
                0x20013dc8                SEND
                0x20013ddc                Turn_end_speed
                0x20013de0                duty_L
                0x20013de4                anglex
                0x20013de8                g_ADCBuffer
                0x20013df4                record_mode_enc
                0x20013df8                s_I
                0x20013dfc                s_D
                0x20013e00                one_countR
                0x20013e04                wall_south
                0x20013e08                E_distanceL
                0x20013e0c                kitikukan
                0x20013e10                gf_speed
                0x20013e14                Xcoordinate
                0x20013e15                boxnext
                0x20013e18                acc0
                0x20013e1c                PID_all_L
                0x20013e20                Avespeed
                0x20013e24                wall_east
                0x20013e28                a
                0x20013e2c                duty_R
                0x20013e30                Gyro
                0x20013e40                back_count
                0x20013e44                pulse_time
                0x20013e48                q
                0x20013e4c                Ycoordinate
                0x20013e50                all_countL
                0x20013e54                record
                0x20013ecc                gf_distance
                0x20013ed0                slant_dis
                0x20013ed4                column_look
                0x20013ef2                slalom_mode
                0x20013ef4                E_accelerationR
                0x20013ef8                acceleration
                0x20013efc                row
                0x20013f1a                shift2
                0x20013f1c                No_wall_modeR
                0x20013f1d                Xcheak_result
                0x20013f1e                left_count
 COMMON         0x20013f20       0xa8 Src\adc.o
                0x20013f20                hadc1
                0x20013f68                hdma_adc1
 COMMON         0x20013fc8       0x3c Src\maze_strategy.o
                0x20013fc8                pass_count
                0x20013fca                look_r
                0x20013fcc                y_change
                0x20013fd0                first_v
                0x20013fd4                wall_f
                0x20013fd6                wall_r
                0x20013fd8                fb_control
                0x20013fda                look_f
                0x20013fdc                wall_l
                0x20013fde                look_l
                0x20013fe0                wall_W
                0x20013fe2                rl_control
                0x20013fe4                kitiku_distance
                0x20013fe8                last_v
                0x20013fec                min
                0x20013fee                kakuninn
                0x20013ff0                kitiku
                0x20013ff2                wall_N
                0x20013ff4                do_move
                0x20013ff8                wall_E
                0x20013ffa                wall_S
                0x20013ffc                min_coordinate
                0x20014000                x_change
 COMMON         0x20014004       0x20 Src\maze_wall.o
                0x20014004                presence
 COMMON         0x20014024       0x58 Src\spi.o
                0x20014024                hspi1
 COMMON         0x2001407c        0x4 Src\stm32f4xx_it.o
                0x2001407c                g_timCount
 COMMON         0x20014080      0x168 Src\tim.o
                0x20014080                htim8
                0x200140bc                htim4
                0x200140f8                htim3
                0x20014134                htim6
                0x20014170                htim1
                0x200141ac                htim2
 COMMON         0x200141e8       0x40 Src\usart.o
                0x200141e8                huart4
 COMMON         0x20014228        0x8 Src\yellow_LED.o
                0x20014228                yy4
                0x20014229                yy1
                0x2001422a                yy6
                0x2001422b                yy5
                0x2001422c                yy8
                0x2001422d                yy2
                0x2001422e                yy7
                0x2001422f                yy3
 COMMON         0x20014230        0x4 c:/users/sf199/desktop/2018_04_03/truestudio for stm32 9.2.0/armtools/bin/../lib/gcc/arm-atollic-eabi/6.3.1/../../../../arm-atollic-eabi/lib/armv7e-m/fpu\libc_nano.a(lib_a-reent.o)
                0x20014230                errno
                0x20014234                . = ALIGN (0x4)
                0x20014234                _ebss = .
                0x20014234                __bss_end__ = _ebss

._user_heap_stack
                0x20014234      0x600
                0x20014234                . = ALIGN (0x4)
                0x20014234                PROVIDE (end, .)
                [!provide]                PROVIDE (_end, .)
                0x20014434                . = (. + _Min_Heap_Size)
 *fill*         0x20014234      0x200 
                0x20014834                . = (. + _Min_Stack_Size)
 *fill*         0x20014434      0x400 
                0x20014834                . = ALIGN (0x4)

/DISCARD/
 libc.a(*)
 libm.a(*)
 libgcc.a(*)

.ARM.attributes
                0x00000000       0x30
 *(.ARM.attributes)
 .ARM.attributes
                0x00000000       0x22 c:/users/sf199/desktop/2018_04_03/truestudio for stm32 9.2.0/armtools/bin/../lib/gcc/arm-atollic-eabi/6.3.1/armv7e-m/fpu/crti.o
 .ARM.attributes
                0x00000022       0x34 c:/users/sf199/desktop/2018_04_03/truestudio for stm32 9.2.0/armtools/bin/../lib/gcc/arm-atollic-eabi/6.3.1/armv7e-m/fpu/crtbegin.o
 .ARM.attributes
                0x00000056       0x39 Drivers\STM32F4xx_HAL_Driver\Src\stm32f4xx_hal.o
 .ARM.attributes
                0x0000008f       0x39 Drivers\STM32F4xx_HAL_Driver\Src\stm32f4xx_hal_adc.o
 .ARM.attributes
                0x000000c8       0x39 Drivers\STM32F4xx_HAL_Driver\Src\stm32f4xx_hal_adc_ex.o
 .ARM.attributes
                0x00000101       0x39 Drivers\STM32F4xx_HAL_Driver\Src\stm32f4xx_hal_cortex.o
 .ARM.attributes
                0x0000013a       0x39 Drivers\STM32F4xx_HAL_Driver\Src\stm32f4xx_hal_dma.o
 .ARM.attributes
                0x00000173       0x39 Drivers\STM32F4xx_HAL_Driver\Src\stm32f4xx_hal_flash.o
 .ARM.attributes
                0x000001ac       0x39 Drivers\STM32F4xx_HAL_Driver\Src\stm32f4xx_hal_flash_ex.o
 .ARM.attributes
                0x000001e5       0x39 Drivers\STM32F4xx_HAL_Driver\Src\stm32f4xx_hal_gpio.o
 .ARM.attributes
                0x0000021e       0x39 Drivers\STM32F4xx_HAL_Driver\Src\stm32f4xx_hal_rcc.o
 .ARM.attributes
                0x00000257       0x39 Drivers\STM32F4xx_HAL_Driver\Src\stm32f4xx_hal_spi.o
 .ARM.attributes
                0x00000290       0x39 Drivers\STM32F4xx_HAL_Driver\Src\stm32f4xx_hal_tim.o
 .ARM.attributes
                0x000002c9       0x39 Drivers\STM32F4xx_HAL_Driver\Src\stm32f4xx_hal_tim_ex.o
 .ARM.attributes
                0x00000302       0x39 Drivers\STM32F4xx_HAL_Driver\Src\stm32f4xx_hal_uart.o
 .ARM.attributes
                0x0000033b       0x39 Src\BATTcheck.o
 .ARM.attributes
                0x00000374       0x39 Src\D_speaker.o
 .ARM.attributes
                0x000003ad       0x39 Src\ICM_20602.o
 .ARM.attributes
                0x000003e6       0x39 Src\IEH2-4096.o
 .ARM.attributes
                0x0000041f       0x39 Src\SENSOR_control.o
 .ARM.attributes
                0x00000458       0x39 Src\adc.o
 .ARM.attributes
                0x00000491       0x39 Src\dma.o
 .ARM.attributes
                0x000004ca       0x39 Src\flash.o
 .ARM.attributes
                0x00000503       0x39 Src\gpio.o
 .ARM.attributes
                0x0000053c       0x39 Src\main.o
 .ARM.attributes
                0x00000575       0x39 Src\maze_strategy.o
 .ARM.attributes
                0x000005ae       0x39 Src\maze_wall.o
 .ARM.attributes
                0x000005e7       0x39 Src\mode_select.o
 .ARM.attributes
                0x00000620       0x39 Src\motor_control.o
 .ARM.attributes
                0x00000659       0x39 Src\parameter.o
 .ARM.attributes
                0x00000692       0x39 Src\record.o
 .ARM.attributes
                0x000006cb       0x39 Src\spi.o
 .ARM.attributes
                0x00000704       0x39 Src\stm32f4xx_hal_msp.o
 .ARM.attributes
                0x0000073d       0x39 Src\stm32f4xx_it.o
 .ARM.attributes
                0x00000776       0x39 Src\syscalls.o
 .ARM.attributes
                0x000007af       0x39 Src\system_stm32f4xx.o
 .ARM.attributes
                0x000007e8       0x39 Src\tim.o
 .ARM.attributes
                0x00000821       0x39 Src\turning.o