motor_control.c:118:6:motor_PID	64	static
motor_control.c:598:6:get_duty	24	static
motor_control.c:631:6:get_duty2	24	static
motor_control.c:665:6:const_accel	32	static
motor_control.c:701:6:straight_const_accel	48	static
motor_control.c:750:6:const_speed	24	static
motor_control.c:770:6:const_speed_wallcut90	40	static
motor_control.c:808:6:const_speed_wallcut45	40	static
motor_control.c:847:6:const_speed_wallcutslantR	32	static
motor_control.c:880:6:const_speed_wallcutslantL	32	static
motor_control.c:915:6:const_speed_mazemake	32	static
motor_control.c:951:6:const_speed_mazemakeback	32	static
motor_control.c:986:6:const_speed_kitiku	24	static
motor_control.c:1011:6:interupt_const_accel	8	static
motor_control.c:1070:6:straight_table	40	static
motor_control.c:1120:6:no_angle	8	static
motor_control.c:1147:6:no_move	8	static
motor_control.c:1164:6:interupt_angle_const_accel	8	static
motor_control.c:1188:6:turning_accel	32	static
motor_control.c:1228:6:turningtable_accel	40	static
motor_control.c:1277:6:turning_speed	24	static
motor_control.c:1307:6:turning_table	32	static
motor_control.c:1362:6:interupt_slalom_const_accel	8	static
motor_control.c:1391:6:slalom_accel	32	static
motor_control.c:1429:6:slalomtable_accel	40	static
motor_control.c:1475:6:slalom_speed	24	static
motor_control.c:1503:6:slalom_table	32	static
