motor_control.c:118:6:motor_PID	64	static
motor_control.c:597:6:get_duty	24	static
motor_control.c:630:6:get_duty2	24	static
motor_control.c:664:6:const_accel	32	static
motor_control.c:700:6:straight_const_accel	48	static
motor_control.c:749:6:const_speed	24	static
motor_control.c:769:6:const_speed_wallcut90	40	static
motor_control.c:807:6:const_speed_wallcut45	40	static
motor_control.c:846:6:const_speed_wallcutslantR	32	static
motor_control.c:879:6:const_speed_wallcutslantL	32	static
motor_control.c:914:6:const_speed_mazemake	32	static
motor_control.c:950:6:const_speed_mazemakeback	32	static
motor_control.c:985:6:const_speed_kitiku	24	static
motor_control.c:1010:6:interupt_const_accel	8	static
motor_control.c:1069:6:straight_table	40	static
motor_control.c:1119:6:no_angle	8	static
motor_control.c:1146:6:no_move	8	static
motor_control.c:1163:6:interupt_angle_const_accel	8	static
motor_control.c:1187:6:turning_accel	32	static
motor_control.c:1227:6:turningtable_accel	40	static
motor_control.c:1276:6:turning_speed	24	static
motor_control.c:1306:6:turning_table	32	static
motor_control.c:1361:6:interupt_slalom_const_accel	8	static
motor_control.c:1390:6:slalom_accel	32	static
motor_control.c:1428:6:slalomtable_accel	40	static
motor_control.c:1474:6:slalom_speed	24	static
motor_control.c:1502:6:slalom_table	32	static
